Archive member included to satisfy reference by file (symbol)

a:\Users\robed\OneDrive - Universidad del Norte\U\#9\Proyecto Final\Code\test\build/core\core.a(cortex_handlers.c.o)
                              (Reset_Handler)
a:\Users\robed\OneDrive - Universidad del Norte\U\#9\Proyecto Final\Code\test\build/core\core.a(delay.c.o)
                              a:\Users\robed\OneDrive - Universidad del Norte\U\#9\Proyecto Final\Code\test\build\sketch\sketch.ino.cpp.o (millis)
a:\Users\robed\OneDrive - Universidad del Norte\U\#9\Proyecto Final\Code\test\build/core\core.a(hooks.c.o)
                              a:\Users\robed\OneDrive - Universidad del Norte\U\#9\Proyecto Final\Code\test\build/core\core.a(delay.c.o) (yield)
a:\Users\robed\OneDrive - Universidad del Norte\U\#9\Proyecto Final\Code\test\build/core\core.a(startup.c.o)
                              a:\Users\robed\OneDrive - Universidad del Norte\U\#9\Proyecto Final\Code\test\build/core\core.a(cortex_handlers.c.o) (SystemInit)
a:\Users\robed\OneDrive - Universidad del Norte\U\#9\Proyecto Final\Code\test\build/core\core.a(wiring.c.o)
                              a:\Users\robed\OneDrive - Universidad del Norte\U\#9\Proyecto Final\Code\test\build/core\core.a(startup.c.o) (SystemCoreClock)
a:\Users\robed\OneDrive - Universidad del Norte\U\#9\Proyecto Final\Code\test\build/core\core.a(wiring_analog.c.o)
                              a:\Users\robed\OneDrive - Universidad del Norte\U\#9\Proyecto Final\Code\test\build/core\core.a(wiring.c.o) (analogReference)
a:\Users\robed\OneDrive - Universidad del Norte\U\#9\Proyecto Final\Code\test\build/core\core.a(wiring_digital.c.o)
                              a:\Users\robed\OneDrive - Universidad del Norte\U\#9\Proyecto Final\Code\test\build/core\core.a(wiring.c.o) (pinMode)
a:\Users\robed\OneDrive - Universidad del Norte\U\#9\Proyecto Final\Code\test\build/core\core.a(wiring_private.c.o)
                              a:\Users\robed\OneDrive - Universidad del Norte\U\#9\Proyecto Final\Code\test\build/core\core.a(wiring_analog.c.o) (pinPeripheral)
a:\Users\robed\OneDrive - Universidad del Norte\U\#9\Proyecto Final\Code\test\build/core\core.a(Reset.cpp.o)
                              a:\Users\robed\OneDrive - Universidad del Norte\U\#9\Proyecto Final\Code\test\build/core\core.a(delay.c.o) (tickReset)
a:\Users\robed\OneDrive - Universidad del Norte\U\#9\Proyecto Final\Code\test\build/core\core.a(SERCOM.cpp.o)
                              a:\Users\robed\OneDrive - Universidad del Norte\U\#9\Proyecto Final\Code\test\build\core\variant.cpp.o (SERCOM::SERCOM(Sercom*))
a:\Users\robed\OneDrive - Universidad del Norte\U\#9\Proyecto Final\Code\test\build/core\core.a(CDC.cpp.o)
                              a:\Users\robed\OneDrive - Universidad del Norte\U\#9\Proyecto Final\Code\test\build\sketch\sketch.ino.cpp.o (Serial_::begin(unsigned long))
a:\Users\robed\OneDrive - Universidad del Norte\U\#9\Proyecto Final\Code\test\build/core\core.a(USBCore.cpp.o)
                              a:\Users\robed\OneDrive - Universidad del Norte\U\#9\Proyecto Final\Code\test\build/core\core.a(CDC.cpp.o) (usbd)
a:\Users\robed\OneDrive - Universidad del Norte\U\#9\Proyecto Final\Code\test\build/core\core.a(Uart.cpp.o)
                              a:\Users\robed\OneDrive - Universidad del Norte\U\#9\Proyecto Final\Code\test\build\sketch\sketch.ino.cpp.o (Uart::begin(unsigned long))
a:\Users\robed\OneDrive - Universidad del Norte\U\#9\Proyecto Final\Code\test\build/core\core.a(PluggableUSB.cpp.o)
                              a:\Users\robed\OneDrive - Universidad del Norte\U\#9\Proyecto Final\Code\test\build/core\core.a(USBCore.cpp.o) (arduino::PluggableUSB_::getInterface(unsigned char*))
a:\Users\robed\OneDrive - Universidad del Norte\U\#9\Proyecto Final\Code\test\build/core\core.a(Print.cpp.o)
                              a:\Users\robed\OneDrive - Universidad del Norte\U\#9\Proyecto Final\Code\test\build/core\core.a(Uart.cpp.o) (arduino::Print::write(unsigned char const*, unsigned int))
a:\Users\robed\OneDrive - Universidad del Norte\U\#9\Proyecto Final\Code\test\build/core\core.a(main.cpp.o)
                              a:/users/robed/appdata/local/arduino15/packages/arduino/tools/arm-none-eabi-gcc/7-2017q4/bin/../lib/gcc/arm-none-eabi/7.2.1/../../../../arm-none-eabi/lib/thumb/v6-m/crt0.o (main)
a:\Users\robed\OneDrive - Universidad del Norte\U\#9\Proyecto Final\Code\test\build/core\core.a(new.cpp.o)
                              a:\Users\robed\OneDrive - Universidad del Norte\U\#9\Proyecto Final\Code\test\build/core\core.a(USBCore.cpp.o) (operator new(unsigned int))
a:\Users\robed\OneDrive - Universidad del Norte\U\#9\Proyecto Final\Code\test\build/core\core.a(abi.cpp.o)
                              a:\Users\robed\OneDrive - Universidad del Norte\U\#9\Proyecto Final\Code\test\build/core\core.a(Print.cpp.o) (__cxa_pure_virtual)
[...]
Memory Configuration

Name             Origin             Length             Attributes
FLASH            0x00002000         0x0003e000         xr
RAM              0x20000000         0x00008000         xrw
*default*        0x00000000         0xffffffff

Linker script and memory map

LOAD a:/users/robed/appdata/local/arduino15/packages/arduino/tools/arm-none-eabi-gcc/7-2017q4/bin/../lib/gcc/arm-none-eabi/7.2.1/thumb/v6-m/crti.o
LOAD a:/users/robed/appdata/local/arduino15/packages/arduino/tools/arm-none-eabi-gcc/7-2017q4/bin/../lib/gcc/arm-none-eabi/7.2.1/thumb/v6-m/crtbegin.o
LOAD a:/users/robed/appdata/local/arduino15/packages/arduino/tools/arm-none-eabi-gcc/7-2017q4/bin/../lib/gcc/arm-none-eabi/7.2.1/../../../../arm-none-eabi/lib/thumb/v6-m/crt0.o
LOAD a:\Users\robed\OneDrive - Universidad del Norte\U\#9\Proyecto Final\Code\test\build\sketch\sketch.ino.cpp.o
LOAD a:\Users\robed\OneDrive - Universidad del Norte\U\#9\Proyecto Final\Code\test\build\libraries\TinyGPSPlus\TinyGPS++.cpp.o
LOAD a:\Users\robed\OneDrive - Universidad del Norte\U\#9\Proyecto Final\Code\test\build\core\variant.cpp.o
START GROUP
LOAD A:\Users\robed\AppData\Local\Arduino15\packages\arduino\tools\CMSIS\4.5.0/CMSIS/Lib/GCC/\libarm_cortexM0l_math.a
LOAD a:\Users\robed\OneDrive - Universidad del Norte\U\#9\Proyecto Final\Code\test\build/core\core.a
END GROUP
LOAD a:/users/robed/appdata/local/arduino15/packages/arduino/tools/arm-none-eabi-gcc/7-2017q4/bin/../lib/gcc/arm-none-eabi/7.2.1/../../../../arm-none-eabi/lib/thumb/v6-m\libstdc++_nano.a
LOAD a:/users/robed/appdata/local/arduino15/packages/arduino/tools/arm-none-eabi-gcc/7-2017q4/bin/../lib/gcc/arm-none-eabi/7.2.1/../../../../arm-none-eabi/lib/thumb/v6-m\libm.a
START GROUP
LOAD a:/users/robed/appdata/local/arduino15/packages/arduino/tools/arm-none-eabi-gcc/7-2017q4/bin/../lib/gcc/arm-none-eabi/7.2.1/thumb/v6-m\libgcc.a
LOAD a:/users/robed/appdata/local/arduino15/packages/arduino/tools/arm-none-eabi-gcc/7-2017q4/bin/../lib/gcc/arm-none-eabi/7.2.1/../../../../arm-none-eabi/lib/thumb/v6-m\libc_nano.a
END GROUP
START GROUP
LOAD a:/users/robed/appdata/local/arduino15/packages/arduino/tools/arm-none-eabi-gcc/7-2017q4/bin/../lib/gcc/arm-none-eabi/7.2.1/thumb/v6-m\libgcc.a
LOAD a:/users/robed/appdata/local/arduino15/packages/arduino/tools/arm-none-eabi-gcc/7-2017q4/bin/../lib/gcc/arm-none-eabi/7.2.1/../../../../arm-none-eabi/lib/thumb/v6-m\libc_nano.a
LOAD a:/users/robed/appdata/local/arduino15/packages/arduino/tools/arm-none-eabi-gcc/7-2017q4/bin/../lib/gcc/arm-none-eabi/7.2.1/../../../../arm-none-eabi/lib/thumb/v6-m\libnosys.a
END GROUP
START GROUP
LOAD a:/users/robed/appdata/local/arduino15/packages/arduino/tools/arm-none-eabi-gcc/7-2017q4/bin/../lib/gcc/arm-none-eabi/7.2.1/thumb/v6-m\libgcc.a
LOAD a:/users/robed/appdata/local/arduino15/packages/arduino/tools/arm-none-eabi-gcc/7-2017q4/bin/../lib/gcc/arm-none-eabi/7.2.1/../../../../arm-none-eabi/lib/thumb/v6-m\libc_nano.a
LOAD a:/users/robed/appdata/local/arduino15/packages/arduino/tools/arm-none-eabi-gcc/7-2017q4/bin/../lib/gcc/arm-none-eabi/7.2.1/../../../../arm-none-eabi/lib/thumb/v6-m\libnosys.a
END GROUP
LOAD a:/users/robed/appdata/local/arduino15/packages/arduino/tools/arm-none-eabi-gcc/7-2017q4/bin/../lib/gcc/arm-none-eabi/7.2.1/thumb/v6-m/crtend.o
LOAD a:/users/robed/appdata/local/arduino15/packages/arduino/tools/arm-none-eabi-gcc/7-2017q4/bin/../lib/gcc/arm-none-eabi/7.2.1/thumb/v6-m/crtn.o

.text           0x00002000     0x86d8
                0x00002000                __text_start__ = .
 *(.sketch_boot)
                0x00002000                . = ALIGN (0x2000)
 *(.isr_vector)
 .isr_vector    0x00002000       0xb4 a:\Users\robed\OneDrive - Universidad del Norte\U\#9\Proyecto Final\Code\test\build/core\core.a(cortex_handlers.c.o)
                0x00002000                exception_table
 *(.text*)
 .text          0x000020b4       0x48 a:/users/robed/appdata/local/arduino15/packages/arduino/tools/arm-none-eabi-gcc/7-2017q4/bin/../lib/gcc/arm-none-eabi/7.2.1/thumb/v6-m/crtbegin.o
 .text.startup._GLOBAL__sub_I_gps
                0x000020fc       0x10 a:\Users\robed\OneDrive - Universidad del Norte\U\#9\Proyecto Final\Code\test\build\sketch\sketch.ino.cpp.o
 .text.setup    0x0000210c       0x20 a:\Users\robed\OneDrive - Universidad del Norte\U\#9\Proyecto Final\Code\test\build\sketch\sketch.ino.cpp.o
                0x0000210c                setup
 .text._ZL10smartDelaym
                0x0000212c       0x3c a:\Users\robed\OneDrive - Universidad del Norte\U\#9\Proyecto Final\Code\test\build\sketch\sketch.ino.cpp.o
 .text._ZL10printFloatfbii
                0x00002168       0x94 a:\Users\robed\OneDrive - Universidad del Norte\U\#9\Proyecto Final\Code\test\build\sketch\sketch.ino.cpp.o
 .text._ZL8printIntmbi
                0x000021fc       0x6c a:\Users\robed\OneDrive - Universidad del Norte\U\#9\Proyecto Final\Code\test\build\sketch\sketch.ino.cpp.o
 .text._ZL8printStrPKci.constprop.9
                0x00002268       0x30 a:\Users\robed\OneDrive - Universidad del Norte\U\#9\Proyecto Final\Code\test\build\sketch\sketch.ino.cpp.o
 .text.loop     0x00002298      0x344 a:\Users\robed\OneDrive - Universidad del Norte\U\#9\Proyecto Final\Code\test\build\sketch\sketch.ino.cpp.o
                0x00002298                loop
 .text._ZN11TinyGPSPlusC2Ev
                0x000025dc       0x7e a:\Users\robed\OneDrive - Universidad del Norte\U\#9\Proyecto Final\Code\test\build\libraries\TinyGPSPlus\TinyGPS++.cpp.o
                0x000025dc                TinyGPSPlus::TinyGPSPlus()
                0x000025dc                TinyGPSPlus::TinyGPSPlus()
 .text._ZN11TinyGPSPlus7fromHexEc
                0x0000265a       0x1e a:\Users\robed\OneDrive - Universidad del Norte\U\#9\Proyecto Final\Code\test\build\libraries\TinyGPSPlus\TinyGPS++.cpp.o
                0x0000265a                TinyGPSPlus::fromHex(char)
 .text._ZN11TinyGPSPlus12parseDecimalEPKc
                0x00002678       0x4a a:\Users\robed\OneDrive - Universidad del Norte\U\#9\Proyecto Final\Code\test\build\libraries\TinyGPSPlus\TinyGPS++.cpp.o
                0x00002678                TinyGPSPlus::parseDecimal(char const*)
 *fill*         0x000026c2        0x2 
 .text._ZN11TinyGPSPlus12parseDegreesEPKcR10RawDegrees
                0x000026c4       0x64 a:\Users\robed\OneDrive - Universidad del Norte\U\#9\Proyecto Final\Code\test\build\libraries\TinyGPSPlus\TinyGPS++.cpp.o
                0x000026c4                TinyGPSPlus::parseDegrees(char const*, RawDegrees&)
 .text._ZN11TinyGPSPlus15distanceBetweenEdddd
                0x00002728      0x13c a:\Users\robed\OneDrive - Universidad del Norte\U\#9\Proyecto Final\Code\test\build\libraries\TinyGPSPlus\TinyGPS++.cpp.o
                0x00002728                TinyGPSPlus::distanceBetween(double, double, double, double)
 .text._ZN11TinyGPSPlus8courseToEdddd
                0x00002864      0x10c a:\Users\robed\OneDrive - Universidad del Norte\U\#9\Proyecto Final\Code\test\build\libraries\TinyGPSPlus\TinyGPS++.cpp.o
                0x00002864                TinyGPSPlus::courseTo(double, double, double, double)
 .text._ZN11TinyGPSPlus8cardinalEd
                0x00002970       0x40 a:\Users\robed\OneDrive - Universidad del Norte\U\#9\Proyecto Final\Code\test\build\libraries\TinyGPSPlus\TinyGPS++.cpp.o
                0x00002970                TinyGPSPlus::cardinal(double)
 .text._ZN15TinyGPSLocation6commitEv
                0x000029b0       0x2e a:\Users\robed\OneDrive - Universidad del Norte\U\#9\Proyecto Final\Code\test\build\libraries\TinyGPSPlus\TinyGPS++.cpp.o
                0x000029b0                TinyGPSLocation::commit()
 *fill*         0x000029de        0x2 
 .text._ZN15TinyGPSLocation3latEv
                0x000029e0       0x48 a:\Users\robed\OneDrive - Universidad del Norte\U\#9\Proyecto Final\Code\test\build\libraries\TinyGPSPlus\TinyGPS++.cpp.o
                0x000029e0                TinyGPSLocation::lat()
 .text._ZN15TinyGPSLocation3lngEv
                0x00002a28       0x48 a:\Users\robed\OneDrive - Universidad del Norte\U\#9\Proyecto Final\Code\test\build\libraries\TinyGPSPlus\TinyGPS++.cpp.o
                0x00002a28                TinyGPSLocation::lng()
 .text._ZN11TinyGPSDate6commitEv
                0x00002a70       0x16 a:\Users\robed\OneDrive - Universidad del Norte\U\#9\Proyecto Final\Code\test\build\libraries\TinyGPSPlus\TinyGPS++.cpp.o
                0x00002a70                TinyGPSDate::commit()
 .text._ZN11TinyGPSTime6commitEv
                0x00002a86       0x16 a:\Users\robed\OneDrive - Universidad del Norte\U\#9\Proyecto Final\Code\test\build\libraries\TinyGPSPlus\TinyGPS++.cpp.o
                0x00002a86                TinyGPSTime::commit()
 .text._ZN11TinyGPSTime7setTimeEPKc
                0x00002a9c        0xe a:\Users\robed\OneDrive - Universidad del Norte\U\#9\Proyecto Final\Code\test\build\libraries\TinyGPSPlus\TinyGPS++.cpp.o
                0x00002a9c                TinyGPSTime::setTime(char const*)
 .text._ZN11TinyGPSDate7setDateEPKc
                0x00002aaa        0xe a:\Users\robed\OneDrive - Universidad del Norte\U\#9\Proyecto Final\Code\test\build\libraries\TinyGPSPlus\TinyGPS++.cpp.o
                0x00002aaa                TinyGPSDate::setDate(char const*)
 .text._ZN11TinyGPSDate4yearEv
                0x00002ab8       0x18 a:\Users\robed\OneDrive - Universidad del Norte\U\#9\Proyecto Final\Code\test\build\libraries\TinyGPSPlus\TinyGPS++.cpp.o
                0x00002ab8                TinyGPSDate::year()
 .text._ZN11TinyGPSDate5monthEv
                0x00002ad0       0x18 a:\Users\robed\OneDrive - Universidad del Norte\U\#9\Proyecto Final\Code\test\build\libraries\TinyGPSPlus\TinyGPS++.cpp.o
                0x00002ad0                TinyGPSDate::month()
 .text._ZN11TinyGPSDate3dayEv
                0x00002ae8       0x18 a:\Users\robed\OneDrive - Universidad del Norte\U\#9\Proyecto Final\Code\test\build\libraries\TinyGPSPlus\TinyGPS++.cpp.o
                0x00002ae8                TinyGPSDate::day()
 .text._ZN11TinyGPSTime4hourEv
                0x00002b00       0x18 a:\Users\robed\OneDrive - Universidad del Norte\U\#9\Proyecto Final\Code\test\build\libraries\TinyGPSPlus\TinyGPS++.cpp.o
                0x00002b00                TinyGPSTime::hour()
 .text._ZN11TinyGPSTime6minuteEv
                0x00002b18       0x1c a:\Users\robed\OneDrive - Universidad del Norte\U\#9\Proyecto Final\Code\test\build\libraries\TinyGPSPlus\TinyGPS++.cpp.o
                0x00002b18                TinyGPSTime::minute()
 .text._ZN11TinyGPSTime6secondEv
                0x00002b34       0x18 a:\Users\robed\OneDrive - Universidad del Norte\U\#9\Proyecto Final\Code\test\build\libraries\TinyGPSPlus\TinyGPS++.cpp.o
                0x00002b34                TinyGPSTime::second()
 .text._ZN14TinyGPSDecimal6commitEv
                0x00002b4c       0x16 a:\Users\robed\OneDrive - Universidad del Norte\U\#9\Proyecto Final\Code\test\build\libraries\TinyGPSPlus\TinyGPS++.cpp.o
                0x00002b4c                TinyGPSDecimal::commit()
 .text._ZN14TinyGPSDecimal3setEPKc
                0x00002b62        0xe a:\Users\robed\OneDrive - Universidad del Norte\U\#9\Proyecto Final\Code\test\build\libraries\TinyGPSPlus\TinyGPS++.cpp.o
                0x00002b62                TinyGPSDecimal::set(char const*)
 .text._ZN14TinyGPSInteger6commitEv
                0x00002b70       0x16 a:\Users\robed\OneDrive - Universidad del Norte\U\#9\Proyecto Final\Code\test\build\libraries\TinyGPSPlus\TinyGPS++.cpp.o
                0x00002b70                TinyGPSInteger::commit()
 .text._ZN14TinyGPSInteger3setEPKc
                0x00002b86        0xe a:\Users\robed\OneDrive - Universidad del Norte\U\#9\Proyecto Final\Code\test\build\libraries\TinyGPSPlus\TinyGPS++.cpp.o
                0x00002b86                TinyGPSInteger::set(char const*)
 .text._ZN13TinyGPSCustom6commitEv
                0x00002b94       0x1e a:\Users\robed\OneDrive - Universidad del Norte\U\#9\Proyecto Final\Code\test\build\libraries\TinyGPSPlus\TinyGPS++.cpp.o
                0x00002b94                TinyGPSCustom::commit()
 .text._ZN13TinyGPSCustom3setEPKc
                0x00002bb2        0xa a:\Users\robed\OneDrive - Universidad del Norte\U\#9\Proyecto Final\Code\test\build\libraries\TinyGPSPlus\TinyGPS++.cpp.o
                0x00002bb2                TinyGPSCustom::set(char const*)
 .text._ZN11TinyGPSPlus16endOfTermHandlerEv
                0x00002bbc      0x278 a:\Users\robed\OneDrive - Universidad del Norte\U\#9\Proyecto Final\Code\test\build\libraries\TinyGPSPlus\TinyGPS++.cpp.o
                0x00002bbc                TinyGPSPlus::endOfTermHandler()
 .text._ZN11TinyGPSPlus6encodeEc
                0x00002e34       0xa2 a:\Users\robed\OneDrive - Universidad del Norte\U\#9\Proyecto Final\Code\test\build\libraries\TinyGPSPlus\TinyGPS++.cpp.o
                0x00002e34                TinyGPSPlus::encode(char)
 *fill*         0x00002ed6        0x2 
 .text.SERCOM0_Handler
                0x00002ed8       0x10 a:\Users\robed\OneDrive - Universidad del Norte\U\#9\Proyecto Final\Code\test\build\core\variant.cpp.o
                0x00002ed8                SERCOM0_Handler
 .text.SERCOM5_Handler
                0x00002ee8       0x10 a:\Users\robed\OneDrive - Universidad del Norte\U\#9\Proyecto Final\Code\test\build\core\variant.cpp.o
                0x00002ee8                SERCOM5_Handler
 .text.startup._GLOBAL__sub_I_g_APinDescription
                0x00002ef8       0x94 a:\Users\robed\OneDrive - Universidad del Norte\U\#9\Proyecto Final\Code\test\build\core\variant.cpp.o
 .text.Dummy_Handler
                0x00002f8c        0x2 a:\Users\robed\OneDrive - Universidad del Norte\U\#9\Proyecto Final\Code\test\build/core\core.a(cortex_handlers.c.o)
                0x00002f8c                DMAC_Handler
                0x00002f8c                HardFault_Handler
                0x00002f8c                AC_Handler
                0x00002f8c                PendSV_Handler
                0x00002f8c                NMI_Handler
                0x00002f8c                TC7_Handler
                0x00002f8c                SERCOM1_Handler
                0x00002f8c                ADC_Handler
                0x00002f8c                TCC1_Handler
                0x00002f8c                SERCOM2_Handler
                0x00002f8c                TCC0_Handler
                0x00002f8c                RTC_Handler
                0x00002f8c                EIC_Handler
                0x00002f8c                TC6_Handler
                0x00002f8c                WDT_Handler
                0x00002f8c                TC4_Handler
                0x00002f8c                TC3_Handler
                0x00002f8c                Dummy_Handler
                0x00002f8c                PM_Handler
                0x00002f8c                SVC_Handler
                0x00002f8c                TCC2_Handler
                0x00002f8c                EVSYS_Handler
                0x00002f8c                SERCOM3_Handler
                0x00002f8c                SERCOM4_Handler
                0x00002f8c                I2S_Handler
                0x00002f8c                NVMCTRL_Handler
                0x00002f8c                DAC_Handler
                0x00002f8c                PTC_Handler
                0x00002f8c                SYSCTRL_Handler
 *fill*         0x00002f8e        0x2 
 .text.USB_Handler
                0x00002f90       0x14 a:\Users\robed\OneDrive - Universidad del Norte\U\#9\Proyecto Final\Code\test\build/core\core.a(cortex_handlers.c.o)
                0x00002f90                USB_Handler
 .text.Reset_Handler
                0x00002fa4       0x54 a:\Users\robed\OneDrive - Universidad del Norte\U\#9\Proyecto Final\Code\test\build/core\core.a(cortex_handlers.c.o)
                0x00002fa4                Reset_Handler
 .text.SysTick_Handler
                0x00002ff8       0x10 a:\Users\robed\OneDrive - Universidad del Norte\U\#9\Proyecto Final\Code\test\build/core\core.a(cortex_handlers.c.o)
                0x00002ff8                SysTick_Handler
 .text.USB_SetHandler
                0x00003008        0xc a:\Users\robed\OneDrive - Universidad del Norte\U\#9\Proyecto Final\Code\test\build/core\core.a(cortex_handlers.c.o)
                0x00003008                USB_SetHandler
 .text.millis   0x00003014        0xc a:\Users\robed\OneDrive - Universidad del Norte\U\#9\Proyecto Final\Code\test\build/core\core.a(delay.c.o)
                0x00003014                millis
 .text.micros   0x00003020       0x60 a:\Users\robed\OneDrive - Universidad del Norte\U\#9\Proyecto Final\Code\test\build/core\core.a(delay.c.o)
                0x00003020                micros
 .text.delay    0x00003080       0x30 a:\Users\robed\OneDrive - Universidad del Norte\U\#9\Proyecto Final\Code\test\build/core\core.a(delay.c.o)
                0x00003080                delay
 .text.resetExternalChip
                0x000030b0        0x2 a:\Users\robed\OneDrive - Universidad del Norte\U\#9\Proyecto Final\Code\test\build/core\core.a(delay.c.o)
                0x000030b0                resetExternalChip
 *fill*         0x000030b2        0x2 
 .text.SysTick_DefaultHandler
                0x000030b4       0x14 a:\Users\robed\OneDrive - Universidad del Norte\U\#9\Proyecto Final\Code\test\build/core\core.a(delay.c.o)
                0x000030b4                SysTick_DefaultHandler
 .text.__empty  0x000030c8        0x2 a:\Users\robed\OneDrive - Universidad del Norte\U\#9\Proyecto Final\Code\test\build/core\core.a(hooks.c.o)
                0x000030c8                yield
 .text.__false  0x000030ca        0x4 a:\Users\robed\OneDrive - Universidad del Norte\U\#9\Proyecto Final\Code\test\build/core\core.a(hooks.c.o)
                0x000030ca                sysTickHook
 *fill*         0x000030ce        0x2 
 .text.SystemInit
                0x000030d0      0x160 a:\Users\robed\OneDrive - Universidad del Norte\U\#9\Proyecto Final\Code\test\build/core\core.a(startup.c.o)
                0x000030d0                SystemInit
 .text.init     0x00003230       0xf0 a:\Users\robed\OneDrive - Universidad del Norte\U\#9\Proyecto Final\Code\test\build/core\core.a(wiring.c.o)
                0x00003230                init
 .text.analogReference
                0x00003320       0x64 a:\Users\robed\OneDrive - Universidad del Norte\U\#9\Proyecto Final\Code\test\build/core\core.a(wiring_analog.c.o)
                0x00003320                analogReference
 .text.pinMode  0x00003384       0x98 a:\Users\robed\OneDrive - Universidad del Norte\U\#9\Proyecto Final\Code\test\build/core\core.a(wiring_digital.c.o)
                0x00003384                pinMode
 .text.digitalWrite
                0x0000341c       0x58 a:\Users\robed\OneDrive - Universidad del Norte\U\#9\Proyecto Final\Code\test\build/core\core.a(wiring_digital.c.o)
                0x0000341c                digitalWrite
 .text.pinPeripheral
                0x00003474       0xc0 a:\Users\robed\OneDrive - Universidad del Norte\U\#9\Proyecto Final\Code\test\build/core\core.a(wiring_private.c.o)
                0x00003474                pinPeripheral
 .text.initiateReset
                0x00003534       0x14 a:\Users\robed\OneDrive - Universidad del Norte\U\#9\Proyecto Final\Code\test\build/core\core.a(Reset.cpp.o)
                0x00003534                initiateReset
 .text.cancelReset
                0x00003548       0x10 a:\Users\robed\OneDrive - Universidad del Norte\U\#9\Proyecto Final\Code\test\build/core\core.a(Reset.cpp.o)
                0x00003548                cancelReset
 .text.tickReset
                0x00003558       0x78 a:\Users\robed\OneDrive - Universidad del Norte\U\#9\Proyecto Final\Code\test\build/core\core.a(Reset.cpp.o)
                0x00003558                tickReset
 .text._ZN6SERCOMC2EP6Sercom
                0x000035d0        0x8 a:\Users\robed\OneDrive - Universidad del Norte\U\#9\Proyecto Final\Code\test\build/core\core.a(SERCOM.cpp.o)
                0x000035d0                SERCOM::SERCOM(Sercom*)
                0x000035d0                SERCOM::SERCOM(Sercom*)
 .text._ZN6SERCOM9initFrameE18SercomUartCharSize15SercomDataOrder16SercomParityMode19SercomNumberStopBit
                0x000035d8       0x3a a:\Users\robed\OneDrive - Universidad del Norte\U\#9\Proyecto Final\Code\test\build/core\core.a(SERCOM.cpp.o)
                0x000035d8                SERCOM::initFrame(SercomUartCharSize, SercomDataOrder, SercomParityMode, SercomNumberStopBit)
 .text._ZN6SERCOM8initPadsE15SercomUartTXPad11SercomRXPad
                0x00003612       0x26 a:\Users\robed\OneDrive - Universidad del Norte\U\#9\Proyecto Final\Code\test\build/core\core.a(SERCOM.cpp.o)
                0x00003612                SERCOM::initPads(SercomUartTXPad, SercomRXPad)
 .text._ZN6SERCOM9resetUARTEv
                0x00003638       0x1a a:\Users\robed\OneDrive - Universidad del Norte\U\#9\Proyecto Final\Code\test\build/core\core.a(SERCOM.cpp.o)
                0x00003638                SERCOM::resetUART()
 .text._ZN6SERCOM10enableUARTEv
                0x00003652       0x14 a:\Users\robed\OneDrive - Universidad del Norte\U\#9\Proyecto Final\Code\test\build/core\core.a(SERCOM.cpp.o)
                0x00003652                SERCOM::enableUART()
 .text._ZN6SERCOM9flushUARTEv
                0x00003666       0x14 a:\Users\robed\OneDrive - Universidad del Norte\U\#9\Proyecto Final\Code\test\build/core\core.a(SERCOM.cpp.o)
                0x00003666                SERCOM::flushUART()
 .text._ZN6SERCOM15clearStatusUARTEv
                0x0000367a        0x8 a:\Users\robed\OneDrive - Universidad del Norte\U\#9\Proyecto Final\Code\test\build/core\core.a(SERCOM.cpp.o)
                0x0000367a                SERCOM::clearStatusUART()
 .text._ZN6SERCOM17availableDataUARTEv
                0x00003682        0xa a:\Users\robed\OneDrive - Universidad del Norte\U\#9\Proyecto Final\Code\test\build/core\core.a(SERCOM.cpp.o)
                0x00003682                SERCOM::availableDataUART()
 .text._ZN6SERCOM11isUARTErrorEv
                0x0000368c        0x8 a:\Users\robed\OneDrive - Universidad del Norte\U\#9\Proyecto Final\Code\test\build/core\core.a(SERCOM.cpp.o)
                0x0000368c                SERCOM::isUARTError()
 .text._ZN6SERCOM20acknowledgeUARTErrorEv
                0x00003694        0xe a:\Users\robed\OneDrive - Universidad del Norte\U\#9\Proyecto Final\Code\test\build/core\core.a(SERCOM.cpp.o)
                0x00003694                SERCOM::acknowledgeUARTError()
 .text._ZN6SERCOM16isFrameErrorUARTEv
                0x000036a2        0xa a:\Users\robed\OneDrive - Universidad del Norte\U\#9\Proyecto Final\Code\test\build/core\core.a(SERCOM.cpp.o)
                0x000036a2                SERCOM::isFrameErrorUART()
 .text._ZN6SERCOM19clearFrameErrorUARTEv
                0x000036ac        0xc a:\Users\robed\OneDrive - Universidad del Norte\U\#9\Proyecto Final\Code\test\build/core\core.a(SERCOM.cpp.o)
                0x000036ac                SERCOM::clearFrameErrorUART()
 .text._ZN6SERCOM23isDataRegisterEmptyUARTEv
                0x000036b8        0xa a:\Users\robed\OneDrive - Universidad del Norte\U\#9\Proyecto Final\Code\test\build/core\core.a(SERCOM.cpp.o)
                0x000036b8                SERCOM::isDataRegisterEmptyUART()
 .text._ZN6SERCOM12readDataUARTEv
                0x000036c2        0x8 a:\Users\robed\OneDrive - Universidad del Norte\U\#9\Proyecto Final\Code\test\build/core\core.a(SERCOM.cpp.o)
                0x000036c2                SERCOM::readDataUART()
 .text._ZN6SERCOM13writeDataUARTEh
                0x000036ca       0x14 a:\Users\robed\OneDrive - Universidad del Norte\U\#9\Proyecto Final\Code\test\build/core\core.a(SERCOM.cpp.o)
                0x000036ca                SERCOM::writeDataUART(unsigned char)
 .text._ZN6SERCOM36enableDataRegisterEmptyInterruptUARTEv
                0x000036de        0x8 a:\Users\robed\OneDrive - Universidad del Norte\U\#9\Proyecto Final\Code\test\build/core\core.a(SERCOM.cpp.o)
                0x000036de                SERCOM::enableDataRegisterEmptyInterruptUART()
 .text._ZN6SERCOM37disableDataRegisterEmptyInterruptUARTEv
                0x000036e6        0x8 a:\Users\robed\OneDrive - Universidad del Norte\U\#9\Proyecto Final\Code\test\build/core\core.a(SERCOM.cpp.o)
                0x000036e6                SERCOM::disableDataRegisterEmptyInterruptUART()
 *fill*         0x000036ee        0x2 
 .text._ZN6SERCOM13initClockNVICEv
                0x000036f0       0xa8 a:\Users\robed\OneDrive - Universidad del Norte\U\#9\Proyecto Final\Code\test\build/core\core.a(SERCOM.cpp.o)
                0x000036f0                SERCOM::initClockNVIC()
 .text._ZN6SERCOM8initUARTE14SercomUartMode20SercomUartSampleRatem
                0x00003798       0x6c a:\Users\robed\OneDrive - Universidad del Norte\U\#9\Proyecto Final\Code\test\build/core\core.a(SERCOM.cpp.o)
                0x00003798                SERCOM::initUART(SercomUartMode, SercomUartSampleRate, unsigned long)
 .text._ZN7Serial_13getDescriptorERN7arduino8USBSetupE
                0x00003804        0x4 a:\Users\robed\OneDrive - Universidad del Norte\U\#9\Proyecto Final\Code\test\build/core\core.a(CDC.cpp.o)
                0x00003804                Serial_::getDescriptor(arduino::USBSetup&)
 .text._ZL5utox8mPc
                0x00003808       0x24 a:\Users\robed\OneDrive - Universidad del Norte\U\#9\Proyecto Final\Code\test\build/core\core.a(CDC.cpp.o)
 .text._ZN7Serial_12getShortNameEPc
                0x0000382c       0x44 a:\Users\robed\OneDrive - Universidad del Norte\U\#9\Proyecto Final\Code\test\build/core\core.a(CDC.cpp.o)
                0x0000382c                Serial_::getShortName(char*)
 .text._ZThn16_N7Serial_12getShortNameEPc
                0x00003870       0x10 a:\Users\robed\OneDrive - Universidad del Norte\U\#9\Proyecto Final\Code\test\build/core\core.a(CDC.cpp.o)
                0x00003870                non-virtual thunk to Serial_::getShortName(char*)
 .text._ZN7Serial_5beginEm
                0x00003880        0x2 a:\Users\robed\OneDrive - Universidad del Norte\U\#9\Proyecto Final\Code\test\build/core\core.a(CDC.cpp.o)
                0x00003880                Serial_::begin(unsigned long)
 .text._ZN7Serial_5beginEmt
                0x00003882        0x2 a:\Users\robed\OneDrive - Universidad del Norte\U\#9\Proyecto Final\Code\test\build/core\core.a(CDC.cpp.o)
                0x00003882                Serial_::begin(unsigned long, unsigned short)
 .text._ZN7Serial_17availableForWriteEv
                0x00003884        0x4 a:\Users\robed\OneDrive - Universidad del Norte\U\#9\Proyecto Final\Code\test\build/core\core.a(CDC.cpp.o)
                0x00003884                Serial_::availableForWrite()
 .text._ZN7Serial_5writeEh
                0x00003888       0x14 a:\Users\robed\OneDrive - Universidad del Norte\U\#9\Proyecto Final\Code\test\build/core\core.a(CDC.cpp.o)
                0x00003888                Serial_::write(unsigned char)
 .text._ZN7Serial_12getInterfaceEPh
                0x0000389c      0x11c a:\Users\robed\OneDrive - Universidad del Norte\U\#9\Proyecto Final\Code\test\build/core\core.a(CDC.cpp.o)
                0x0000389c                Serial_::getInterface(unsigned char*)
 .text._ZThn16_N7Serial_12getInterfaceEPh
                0x000039b8       0x10 a:\Users\robed\OneDrive - Universidad del Norte\U\#9\Proyecto Final\Code\test\build/core\core.a(CDC.cpp.o)
                0x000039b8                non-virtual thunk to Serial_::getInterface(unsigned char*)
 .text._ZN7Serial_5setupERN7arduino8USBSetupE
                0x000039c8       0x98 a:\Users\robed\OneDrive - Universidad del Norte\U\#9\Proyecto Final\Code\test\build/core\core.a(CDC.cpp.o)
                0x000039c8                Serial_::setup(arduino::USBSetup&)
 .text._ZThn16_N7Serial_5setupERN7arduino8USBSetupE
                0x00003a60       0x10 a:\Users\robed\OneDrive - Universidad del Norte\U\#9\Proyecto Final\Code\test\build/core\core.a(CDC.cpp.o)
                0x00003a60                non-virtual thunk to Serial_::setup(arduino::USBSetup&)
 .text._ZN7Serial_3endEv
                0x00003a70       0x14 a:\Users\robed\OneDrive - Universidad del Norte\U\#9\Proyecto Final\Code\test\build/core\core.a(CDC.cpp.o)
                0x00003a70                Serial_::end()
 .text._ZN7Serial_9availableEv
                0x00003a84       0x20 a:\Users\robed\OneDrive - Universidad del Norte\U\#9\Proyecto Final\Code\test\build/core\core.a(CDC.cpp.o)
                0x00003a84                Serial_::available()
 .text._ZN7Serial_5flushEv
                0x00003aa4        0xe a:\Users\robed\OneDrive - Universidad del Norte\U\#9\Proyecto Final\Code\test\build/core\core.a(CDC.cpp.o)
                0x00003aa4                Serial_::flush()
 .text._ZN7Serial_5clearEv
                0x00003ab2        0xe a:\Users\robed\OneDrive - Universidad del Norte\U\#9\Proyecto Final\Code\test\build/core\core.a(CDC.cpp.o)
                0x00003ab2                Serial_::clear()
 .text._ZN7Serial_5writeEPKhj
                0x00003ac0       0x1e a:\Users\robed\OneDrive - Universidad del Norte\U\#9\Proyecto Final\Code\test\build/core\core.a(CDC.cpp.o)
                0x00003ac0                Serial_::write(unsigned char const*, unsigned int)
 *fill*         0x00003ade        0x2 
 .text._ZN7Serial_4peekEv
                0x00003ae0       0x1c a:\Users\robed\OneDrive - Universidad del Norte\U\#9\Proyecto Final\Code\test\build/core\core.a(CDC.cpp.o)
                0x00003ae0                Serial_::peek()
 .text._ZN7Serial_4readEv
                0x00003afc       0x24 a:\Users\robed\OneDrive - Universidad del Norte\U\#9\Proyecto Final\Code\test\build/core\core.a(CDC.cpp.o)
                0x00003afc                Serial_::read()
 .text._ZN7Serial_cvbEv
                0x00003b20       0x28 a:\Users\robed\OneDrive - Universidad del Norte\U\#9\Proyecto Final\Code\test\build/core\core.a(CDC.cpp.o)
                0x00003b20                Serial_::operator bool()
 .text._ZThn16_N7Serial_13getDescriptorERN7arduino8USBSetupE
                0x00003b48        0x4 a:\Users\robed\OneDrive - Universidad del Norte\U\#9\Proyecto Final\Code\test\build/core\core.a(CDC.cpp.o)
                0x00003b48                non-virtual thunk to Serial_::getDescriptor(arduino::USBSetup&)
 .text._ZN7Serial_14handleEndpointEi
                0x00003b4c        0x2 a:\Users\robed\OneDrive - Universidad del Norte\U\#9\Proyecto Final\Code\test\build/core\core.a(CDC.cpp.o)
                0x00003b4c                Serial_::handleEndpoint(int)
 *fill*         0x00003b4e        0x2 
 .text._ZN7Serial_C2ER14USBDeviceClass
                0x00003b50       0x50 a:\Users\robed\OneDrive - Universidad del Norte\U\#9\Proyecto Final\Code\test\build/core\core.a(CDC.cpp.o)
                0x00003b50                Serial_::Serial_(USBDeviceClass&)
                0x00003b50                Serial_::Serial_(USBDeviceClass&)
 .text._ZN7Serial_15enableInterruptEv
                0x00003ba0       0x30 a:\Users\robed\OneDrive - Universidad del Norte\U\#9\Proyecto Final\Code\test\build/core\core.a(CDC.cpp.o)
                0x00003ba0                Serial_::enableInterrupt()
 .text.startup._GLOBAL__sub_I__ZN7Serial_12getInterfaceEPh
                0x00003bd0       0x14 a:\Users\robed\OneDrive - Universidad del Norte\U\#9\Proyecto Final\Code\test\build/core\core.a(CDC.cpp.o)
 .text._ZN26DoubleBufferedEPOutHandlerD2Ev
                0x00003be4        0x2 a:\Users\robed\OneDrive - Universidad del Norte\U\#9\Proyecto Final\Code\test\build/core\core.a(USBCore.cpp.o)
                0x00003be4                DoubleBufferedEPOutHandler::~DoubleBufferedEPOutHandler()
                0x00003be4                DoubleBufferedEPOutHandler::~DoubleBufferedEPOutHandler()
 .text._ZN26DoubleBufferedEPOutHandlerD0Ev
                0x00003be6        0xc a:\Users\robed\OneDrive - Universidad del Norte\U\#9\Proyecto Final\Code\test\build/core\core.a(USBCore.cpp.o)
                0x00003be6                DoubleBufferedEPOutHandler::~DoubleBufferedEPOutHandler()
 *fill*         0x00003bf2        0x2 
 .text._ZN14USBDeviceClass6initEPEmm.part.7
                0x00003bf4       0xc4 a:\Users\robed\OneDrive - Universidad del Norte\U\#9\Proyecto Final\Code\test\build/core\core.a(USBCore.cpp.o)
 .text._ZN7__GuardC2Ev
                0x00003cb8        0xe a:\Users\robed\OneDrive - Universidad del Norte\U\#9\Proyecto Final\Code\test\build/core\core.a(USBCore.cpp.o)
                0x00003cb8                __Guard::__Guard()
                0x00003cb8                __Guard::__Guard()
 .text._ZN7__GuardD2Ev
                0x00003cc6        0xe a:\Users\robed\OneDrive - Universidad del Norte\U\#9\Proyecto Final\Code\test\build/core\core.a(USBCore.cpp.o)
                0x00003cc6                __Guard::~__Guard()
                0x00003cc6                __Guard::~__Guard()
 .text._ZNK26DoubleBufferedEPOutHandler10_availableEv
                0x00003cd4       0x70 a:\Users\robed\OneDrive - Universidad del Norte\U\#9\Proyecto Final\Code\test\build/core\core.a(USBCore.cpp.o)
                0x00003cd4                DoubleBufferedEPOutHandler::_available() const
 .text._ZN26DoubleBufferedEPOutHandler7releaseEv
                0x00003d44       0x38 a:\Users\robed\OneDrive - Universidad del Norte\U\#9\Proyecto Final\Code\test\build/core\core.a(USBCore.cpp.o)
                0x00003d44                DoubleBufferedEPOutHandler::release()
 .text._ZN26DoubleBufferedEPOutHandler14handleEndpointEv
                0x00003d7c       0xe2 a:\Users\robed\OneDrive - Universidad del Norte\U\#9\Proyecto Final\Code\test\build/core\core.a(USBCore.cpp.o)
                0x00003d7c                DoubleBufferedEPOutHandler::handleEndpoint()
 .text._ZN14USBDeviceClass14SendInterfacesEPm
                0x00003e5e       0x20 a:\Users\robed\OneDrive - Universidad del Norte\U\#9\Proyecto Final\Code\test\build/core\core.a(USBCore.cpp.o)
                0x00003e5e                USBDeviceClass::SendInterfaces(unsigned long*)
 *fill*         0x00003e7e        0x2 
 .text._ZN14USBDeviceClass6attachEv
                0x00003e80       0x34 a:\Users\robed\OneDrive - Universidad del Norte\U\#9\Proyecto Final\Code\test\build/core\core.a(USBCore.cpp.o)
                0x00003e80                USBDeviceClass::attach()
 .text._ZN14USBDeviceClass10setAddressEm
                0x00003eb4       0x48 a:\Users\robed\OneDrive - Universidad del Norte\U\#9\Proyecto Final\Code\test\build/core\core.a(USBCore.cpp.o)
                0x00003eb4                USBDeviceClass::setAddress(unsigned long)
 .text._ZN14USBDeviceClass25handleClassInterfaceSetupERN7arduino8USBSetupE
                0x00003efc       0x24 a:\Users\robed\OneDrive - Universidad del Norte\U\#9\Proyecto Final\Code\test\build/core\core.a(USBCore.cpp.o)
                0x00003efc                USBDeviceClass::handleClassInterfaceSetup(arduino::USBSetup&)
 .text._ZN14USBDeviceClass6initEPEmm
                0x00003f20      0x10c a:\Users\robed\OneDrive - Universidad del Norte\U\#9\Proyecto Final\Code\test\build/core\core.a(USBCore.cpp.o)
                0x00003f20                USBDeviceClass::initEP(unsigned long, unsigned long)
 .text._ZN14USBDeviceClass13initEndpointsEv
                0x0000402c       0x24 a:\Users\robed\OneDrive - Universidad del Norte\U\#9\Proyecto Final\Code\test\build/core\core.a(USBCore.cpp.o)
                0x0000402c                USBDeviceClass::initEndpoints()
 .text._ZN14USBDeviceClass5clearEm
                0x00004050       0x38 a:\Users\robed\OneDrive - Universidad del Norte\U\#9\Proyecto Final\Code\test\build/core\core.a(USBCore.cpp.o)
                0x00004050                USBDeviceClass::clear(unsigned long)
 .text._ZN14USBDeviceClass9availableEm
                0x00004088       0x2c a:\Users\robed\OneDrive - Universidad del Norte\U\#9\Proyecto Final\Code\test\build/core\core.a(USBCore.cpp.o)
                0x00004088                USBDeviceClass::available(unsigned long)
 .text._ZN14USBDeviceClass5flushEm
                0x000040b4       0x2c a:\Users\robed\OneDrive - Universidad del Norte\U\#9\Proyecto Final\Code\test\build/core\core.a(USBCore.cpp.o)
                0x000040b4                USBDeviceClass::flush(unsigned long)
 .text._ZN14USBDeviceClass4recvEmPvm
                0x000040e0       0xdc a:\Users\robed\OneDrive - Universidad del Norte\U\#9\Proyecto Final\Code\test\build/core\core.a(USBCore.cpp.o)
                0x000040e0                USBDeviceClass::recv(unsigned long, void*, unsigned long)
 .text._ZN14USBDeviceClass4recvEm
                0x000041bc       0x1c a:\Users\robed\OneDrive - Universidad del Norte\U\#9\Proyecto Final\Code\test\build/core\core.a(USBCore.cpp.o)
                0x000041bc                USBDeviceClass::recv(unsigned long)
 .text._ZN14USBDeviceClass14armRecvCtrlOUTEm
                0x000041d8       0x5c a:\Users\robed\OneDrive - Universidad del Norte\U\#9\Proyecto Final\Code\test\build/core\core.a(USBCore.cpp.o)
                0x000041d8                USBDeviceClass::armRecvCtrlOUT(unsigned long)
 .text._ZN14USBDeviceClass11recvControlEPvm
                0x00004234       0x28 a:\Users\robed\OneDrive - Universidad del Norte\U\#9\Proyecto Final\Code\test\build/core\core.a(USBCore.cpp.o)
                0x00004234                USBDeviceClass::recvControl(void*, unsigned long)
 .text._ZN14USBDeviceClass4sendEmPKvm
                0x0000425c      0x124 a:\Users\robed\OneDrive - Universidad del Norte\U\#9\Proyecto Final\Code\test\build/core\core.a(USBCore.cpp.o)
                0x0000425c                USBDeviceClass::send(unsigned long, void const*, unsigned long)
 .text._ZN14USBDeviceClass7armSendEmPKvm
                0x00004380       0x48 a:\Users\robed\OneDrive - Universidad del Norte\U\#9\Proyecto Final\Code\test\build/core\core.a(USBCore.cpp.o)
                0x00004380                USBDeviceClass::armSend(unsigned long, void const*, unsigned long)
 .text._ZN14USBDeviceClass11sendControlEPKvm
                0x000043c8       0x54 a:\Users\robed\OneDrive - Universidad del Norte\U\#9\Proyecto Final\Code\test\build/core\core.a(USBCore.cpp.o)
                0x000043c8                USBDeviceClass::sendControl(void const*, unsigned long)
 .text._ZN14USBDeviceClass20sendStringDescriptorEPKhm
                0x0000441c       0x64 a:\Users\robed\OneDrive - Universidad del Norte\U\#9\Proyecto Final\Code\test\build/core\core.a(USBCore.cpp.o)
                0x0000441c                USBDeviceClass::sendStringDescriptor(unsigned char const*, unsigned long)
 .text._ZN14USBDeviceClass17sendConfigurationEm
                0x00004480       0x80 a:\Users\robed\OneDrive - Universidad del Norte\U\#9\Proyecto Final\Code\test\build/core\core.a(USBCore.cpp.o)
                0x00004480                USBDeviceClass::sendConfiguration(unsigned long)
 .text._ZN14USBDeviceClass14sendDescriptorERN7arduino8USBSetupE
                0x00004500       0xd8 a:\Users\robed\OneDrive - Universidad del Norte\U\#9\Proyecto Final\Code\test\build/core\core.a(USBCore.cpp.o)
                0x00004500                USBDeviceClass::sendDescriptor(arduino::USBSetup&)
 .text._ZN14USBDeviceClass7sendZlpEm
                0x000045d8       0x18 a:\Users\robed\OneDrive - Universidad del Norte\U\#9\Proyecto Final\Code\test\build/core\core.a(USBCore.cpp.o)
                0x000045d8                USBDeviceClass::sendZlp(unsigned long)
 .text._ZN14USBDeviceClass19handleStandardSetupERN7arduino8USBSetupE
                0x000045f0       0xf0 a:\Users\robed\OneDrive - Universidad del Norte\U\#9\Proyecto Final\Code\test\build/core\core.a(USBCore.cpp.o)
                0x000045f0                USBDeviceClass::handleStandardSetup(arduino::USBSetup&)
 .text._ZN14USBDeviceClass10ISRHandlerEv
                0x000046e0      0x150 a:\Users\robed\OneDrive - Universidad del Norte\U\#9\Proyecto Final\Code\test\build/core\core.a(USBCore.cpp.o)
                0x000046e0                USBDeviceClass::ISRHandler()
 .text.UDD_Handler
                0x00004830       0x10 a:\Users\robed\OneDrive - Universidad del Norte\U\#9\Proyecto Final\Code\test\build/core\core.a(USBCore.cpp.o)
                0x00004830                UDD_Handler
 .text._ZN7arduino13PluggableUSB_C2Ev
                0x00004840       0x10 a:\Users\robed\OneDrive - Universidad del Norte\U\#9\Proyecto Final\Code\test\build/core\core.a(USBCore.cpp.o)
                0x00004840                arduino::PluggableUSB_::PluggableUSB_()
                0x00004840                arduino::PluggableUSB_::PluggableUSB_()
 .text._Z8epBufferj
                0x00004850        0xc a:\Users\robed\OneDrive - Universidad del Norte\U\#9\Proyecto Final\Code\test\build/core\core.a(USBCore.cpp.o)
                0x00004850                epBuffer(unsigned int)
 .text._ZN7arduino11RingBufferNILi64EE10store_charEh
                0x0000485c       0x1c a:\Users\robed\OneDrive - Universidad del Norte\U\#9\Proyecto Final\Code\test\build/core\core.a(USBCore.cpp.o)
                0x0000485c                arduino::RingBufferN<64>::store_char(unsigned char)
 .text._ZN26DoubleBufferedEPOutHandler5_recvEv
                0x00004878      0x15e a:\Users\robed\OneDrive - Universidad del Norte\U\#9\Proyecto Final\Code\test\build/core\core.a(USBCore.cpp.o)
                0x00004878                DoubleBufferedEPOutHandler::_recv()
 .text._ZN26DoubleBufferedEPOutHandler9availableEv
                0x000049d6        0xc a:\Users\robed\OneDrive - Universidad del Norte\U\#9\Proyecto Final\Code\test\build/core\core.a(USBCore.cpp.o)
                0x000049d6                DoubleBufferedEPOutHandler::available()
 .text._ZN26DoubleBufferedEPOutHandler4peekEv
                0x000049e2       0x1c a:\Users\robed\OneDrive - Universidad del Norte\U\#9\Proyecto Final\Code\test\build/core\core.a(USBCore.cpp.o)
                0x000049e2                DoubleBufferedEPOutHandler::peek()
 .text._ZN26DoubleBufferedEPOutHandler4recvEPvm
                0x000049fe       0x60 a:\Users\robed\OneDrive - Universidad del Norte\U\#9\Proyecto Final\Code\test\build/core\core.a(USBCore.cpp.o)
                0x000049fe                DoubleBufferedEPOutHandler::recv(void*, unsigned long)
 *fill*         0x00004a5e        0x2 
 .text.startup._GLOBAL__sub_I_usbd
                0x00004a60       0x10 a:\Users\robed\OneDrive - Universidad del Norte\U\#9\Proyecto Final\Code\test\build/core\core.a(USBCore.cpp.o)
 .text._ZN14USBDeviceClass4initEv
                0x00004a70      0x18c a:\Users\robed\OneDrive - Universidad del Norte\U\#9\Proyecto Final\Code\test\build/core\core.a(USBCore.cpp.o)
                0x00004a70                USBDeviceClass::init()
 .text._ZN4UartcvbEv
                0x00004bfc        0x4 a:\Users\robed\OneDrive - Universidad del Norte\U\#9\Proyecto Final\Code\test\build/core\core.a(Uart.cpp.o)
                0x00004bfc                Uart::operator bool()
 .text._ZN4Uart5beginEm
                0x00004c00       0x10 a:\Users\robed\OneDrive - Universidad del Norte\U\#9\Proyecto Final\Code\test\build/core\core.a(Uart.cpp.o)
                0x00004c00                Uart::begin(unsigned long)
 .text._ZN4Uart9availableEv
                0x00004c10        0x6 a:\Users\robed\OneDrive - Universidad del Norte\U\#9\Proyecto Final\Code\test\build/core\core.a(Uart.cpp.o)
                0x00004c10                Uart::available()
 .text._ZN4Uart17availableForWriteEv
                0x00004c16       0x10 a:\Users\robed\OneDrive - Universidad del Norte\U\#9\Proyecto Final\Code\test\build/core\core.a(Uart.cpp.o)
                0x00004c16                Uart::availableForWrite()
 .text._ZN4Uart4peekEv
                0x00004c26       0x18 a:\Users\robed\OneDrive - Universidad del Norte\U\#9\Proyecto Final\Code\test\build/core\core.a(Uart.cpp.o)
                0x00004c26                Uart::peek()
 .text._ZN4Uart3endEv
                0x00004c3e       0x24 a:\Users\robed\OneDrive - Universidad del Norte\U\#9\Proyecto Final\Code\test\build/core\core.a(Uart.cpp.o)
                0x00004c3e                Uart::end()
 .text._ZN4Uart5flushEv
                0x00004c62       0x16 a:\Users\robed\OneDrive - Universidad del Norte\U\#9\Proyecto Final\Code\test\build/core\core.a(Uart.cpp.o)
                0x00004c62                Uart::flush()
 .text._ZN4Uart16extractNbStopBitEt
                0x00004c78        0xc a:\Users\robed\OneDrive - Universidad del Norte\U\#9\Proyecto Final\Code\test\build/core\core.a(Uart.cpp.o)
                0x00004c78                Uart::extractNbStopBit(unsigned short)
 .text._ZN4Uart15extractCharSizeEt
                0x00004c84       0x28 a:\Users\robed\OneDrive - Universidad del Norte\U\#9\Proyecto Final\Code\test\build/core\core.a(Uart.cpp.o)
                0x00004c84                Uart::extractCharSize(unsigned short)
 .text._ZN4Uart13extractParityEt
                0x00004cac       0x14 a:\Users\robed\OneDrive - Universidad del Norte\U\#9\Proyecto Final\Code\test\build/core\core.a(Uart.cpp.o)
                0x00004cac                Uart::extractParity(unsigned short)
 .text._ZN4Uart5beginEmt
                0x00004cc0       0xf8 a:\Users\robed\OneDrive - Universidad del Norte\U\#9\Proyecto Final\Code\test\build/core\core.a(Uart.cpp.o)
                0x00004cc0                Uart::begin(unsigned long, unsigned short)
 .text._ZN7arduino11RingBufferNILi256EEC2Ev
                0x00004db8       0x1e a:\Users\robed\OneDrive - Universidad del Norte\U\#9\Proyecto Final\Code\test\build/core\core.a(Uart.cpp.o)
                0x00004db8                arduino::RingBufferN<256>::RingBufferN()
                0x00004db8                arduino::RingBufferN<256>::RingBufferN()
 *fill*         0x00004dd6        0x2 
 .text._ZN4UartC2EP6SERCOMhh11SercomRXPad15SercomUartTXPad
                0x00004dd8       0x74 a:\Users\robed\OneDrive - Universidad del Norte\U\#9\Proyecto Final\Code\test\build/core\core.a(Uart.cpp.o)
                0x00004dd8                Uart::Uart(SERCOM*, unsigned char, unsigned char, SercomRXPad, SercomUartTXPad)
                0x00004dd8                Uart::Uart(SERCOM*, unsigned char, unsigned char, SercomRXPad, SercomUartTXPad)
 .text._ZN7arduino15SafeRingBufferNILi256EE10store_charEh
                0x00004e4c       0x4a a:\Users\robed\OneDrive - Universidad del Norte\U\#9\Proyecto Final\Code\test\build/core\core.a(Uart.cpp.o)
                0x00004e4c                arduino::SafeRingBufferN<256>::store_char(unsigned char)
 .text._ZN7arduino15SafeRingBufferNILi256EE9read_charEv
                0x00004e96       0x50 a:\Users\robed\OneDrive - Universidad del Norte\U\#9\Proyecto Final\Code\test\build/core\core.a(Uart.cpp.o)
                0x00004e96                arduino::SafeRingBufferN<256>::read_char()
 .text._ZN4Uart10IrqHandlerEv
                0x00004ee6       0xa4 a:\Users\robed\OneDrive - Universidad del Norte\U\#9\Proyecto Final\Code\test\build/core\core.a(Uart.cpp.o)
                0x00004ee6                Uart::IrqHandler()
 *fill*         0x00004f8a        0x2 
 .text._ZN4Uart5writeEh
                0x00004f8c       0x9c a:\Users\robed\OneDrive - Universidad del Norte\U\#9\Proyecto Final\Code\test\build/core\core.a(Uart.cpp.o)
                0x00004f8c                Uart::write(unsigned char)
 .text._ZN4Uart4readEv
                0x00005028       0x34 a:\Users\robed\OneDrive - Universidad del Norte\U\#9\Proyecto Final\Code\test\build/core\core.a(Uart.cpp.o)
                0x00005028                Uart::read()
 .text._ZN7arduino13PluggableUSB_12getInterfaceEPh
                0x0000505c       0x28 a:\Users\robed\OneDrive - Universidad del Norte\U\#9\Proyecto Final\Code\test\build/core\core.a(PluggableUSB.cpp.o)
                0x0000505c                arduino::PluggableUSB_::getInterface(unsigned char*)
 .text._ZN7arduino13PluggableUSB_13getDescriptorERNS_8USBSetupE
                0x00005084       0x20 a:\Users\robed\OneDrive - Universidad del Norte\U\#9\Proyecto Final\Code\test\build/core\core.a(PluggableUSB.cpp.o)
                0x00005084                arduino::PluggableUSB_::getDescriptor(arduino::USBSetup&)
 .text._ZN7arduino13PluggableUSB_12getShortNameEPc
                0x000050a4       0x1e a:\Users\robed\OneDrive - Universidad del Norte\U\#9\Proyecto Final\Code\test\build/core\core.a(PluggableUSB.cpp.o)
                0x000050a4                arduino::PluggableUSB_::getShortName(char*)
 .text._ZN7arduino13PluggableUSB_5setupERNS_8USBSetupE
                0x000050c2       0x20 a:\Users\robed\OneDrive - Universidad del Norte\U\#9\Proyecto Final\Code\test\build/core\core.a(PluggableUSB.cpp.o)
                0x000050c2                arduino::PluggableUSB_::setup(arduino::USBSetup&)
 .text._ZN7arduino13PluggableUSB_4plugEPNS_18PluggableUSBModuleE
                0x000050e2       0x5c a:\Users\robed\OneDrive - Universidad del Norte\U\#9\Proyecto Final\Code\test\build/core\core.a(PluggableUSB.cpp.o)
                0x000050e2                arduino::PluggableUSB_::plug(arduino::PluggableUSBModule*)
 *fill*         0x0000513e        0x2 
 .text._Z12PluggableUSBv
                0x00005140       0x24 a:\Users\robed\OneDrive - Universidad del Norte\U\#9\Proyecto Final\Code\test\build/core\core.a(PluggableUSB.cpp.o)
                0x00005140                PluggableUSB()
 .text._ZN7arduino5Print5writeEPKhj
                0x00005164       0x28 a:\Users\robed\OneDrive - Universidad del Norte\U\#9\Proyecto Final\Code\test\build/core\core.a(Print.cpp.o)
                0x00005164                arduino::Print::write(unsigned char const*, unsigned int)
 .text._ZN7arduino5Print5writeEPKc.part.2
                0x0000518c       0x1a a:\Users\robed\OneDrive - Universidad del Norte\U\#9\Proyecto Final\Code\test\build/core\core.a(Print.cpp.o)
 .text._ZN7arduino5Print5writeEPKc
                0x000051a6       0x10 a:\Users\robed\OneDrive - Universidad del Norte\U\#9\Proyecto Final\Code\test\build/core\core.a(Print.cpp.o)
                0x000051a6                arduino::Print::write(char const*)
 .text._ZN7arduino5Print5printEPKNS_19__FlashStringHelperE
                0x000051b6        0x8 a:\Users\robed\OneDrive - Universidad del Norte\U\#9\Proyecto Final\Code\test\build/core\core.a(Print.cpp.o)
                0x000051b6                arduino::Print::print(arduino::__FlashStringHelper const*)
 .text._ZN7arduino5Print5printEPKc
                0x000051be        0x8 a:\Users\robed\OneDrive - Universidad del Norte\U\#9\Proyecto Final\Code\test\build/core\core.a(Print.cpp.o)
                0x000051be                arduino::Print::print(char const*)
 .text._ZN7arduino5Print5printEc
                0x000051c6        0xa a:\Users\robed\OneDrive - Universidad del Norte\U\#9\Proyecto Final\Code\test\build/core\core.a(Print.cpp.o)
                0x000051c6                arduino::Print::print(char)
 .text._ZN7arduino5Print7printlnEv
                0x000051d0       0x10 a:\Users\robed\OneDrive - Universidad del Norte\U\#9\Proyecto Final\Code\test\build/core\core.a(Print.cpp.o)
                0x000051d0                arduino::Print::println()
 .text._ZN7arduino5Print7printlnEPKNS_19__FlashStringHelperE
                0x000051e0       0x14 a:\Users\robed\OneDrive - Universidad del Norte\U\#9\Proyecto Final\Code\test\build/core\core.a(Print.cpp.o)
                0x000051e0                arduino::Print::println(arduino::__FlashStringHelper const*)
 .text._ZN7arduino5Print11printNumberEmh
                0x000051f4       0x48 a:\Users\robed\OneDrive - Universidad del Norte\U\#9\Proyecto Final\Code\test\build/core\core.a(Print.cpp.o)
                0x000051f4                arduino::Print::printNumber(unsigned long, unsigned char)
 .text._ZN7arduino5Print10printFloatEdi
                0x0000523c      0x170 a:\Users\robed\OneDrive - Universidad del Norte\U\#9\Proyecto Final\Code\test\build/core\core.a(Print.cpp.o)
                0x0000523c                arduino::Print::printFloat(double, int)
 .text._ZN7arduino5Print5printEdi
                0x000053ac        0xc a:\Users\robed\OneDrive - Universidad del Norte\U\#9\Proyecto Final\Code\test\build/core\core.a(Print.cpp.o)
                0x000053ac                arduino::Print::print(double, int)
 .text._ZN7arduino5Print7printlnEdi
                0x000053b8       0x18 a:\Users\robed\OneDrive - Universidad del Norte\U\#9\Proyecto Final\Code\test\build/core\core.a(Print.cpp.o)
                0x000053b8                arduino::Print::println(double, int)
 .text.initVariant
                0x000053d0        0x2 a:\Users\robed\OneDrive - Universidad del Norte\U\#9\Proyecto Final\Code\test\build/core\core.a(main.cpp.o)
                0x000053d0                initVariant
 *fill*         0x000053d2        0x2 
 .text.startup.main
                0x000053d4       0x40 a:\Users\robed\OneDrive - Universidad del Norte\U\#9\Proyecto Final\Code\test\build/core\core.a(main.cpp.o)
                0x000053d4                main
 .text._Znwj    0x00005414        0x8 a:\Users\robed\OneDrive - Universidad del Norte\U\#9\Proyecto Final\Code\test\build/core\core.a(new.cpp.o)
                0x00005414                operator new(unsigned int)
 .text._ZdlPv   0x0000541c        0x8 a:\Users\robed\OneDrive - Universidad del Norte\U\#9\Proyecto Final\Code\test\build/core\core.a(new.cpp.o)
                0x0000541c                operator delete(void*)
 .text.cos      0x00005424       0x8c a:/users/robed/appdata/local/arduino15/packages/arduino/tools/arm-none-eabi-gcc/7-2017q4/bin/../lib/gcc/arm-none-eabi/7.2.1/../../../../arm-none-eabi/lib/thumb/v6-m\libm.a(lib_a-s_cos.o)
                0x00005424                cos
 .text.sin      0x000054b0       0x90 a:/users/robed/appdata/local/arduino15/packages/arduino/tools/arm-none-eabi-gcc/7-2017q4/bin/../lib/gcc/arm-none-eabi/7.2.1/../../../../arm-none-eabi/lib/thumb/v6-m\libm.a(lib_a-s_sin.o)
                0x000054b0                sin
 .text.atan2    0x00005540        0x8 a:/users/robed/appdata/local/arduino15/packages/arduino/tools/arm-none-eabi-gcc/7-2017q4/bin/../lib/gcc/arm-none-eabi/7.2.1/../../../../arm-none-eabi/lib/thumb/v6-m\libm.a(lib_a-w_atan2.o)
                0x00005540                atan2
 .text.sqrt     0x00005548       0xc0 a:/users/robed/appdata/local/arduino15/packages/arduino/tools/arm-none-eabi-gcc/7-2017q4/bin/../lib/gcc/arm-none-eabi/7.2.1/../../../../arm-none-eabi/lib/thumb/v6-m\libm.a(lib_a-w_sqrt.o)
                0x00005548                sqrt
 .text.__ieee754_atan2
                0x00005608      0x178 a:/users/robed/appdata/local/arduino15/packages/arduino/tools/arm-none-eabi-gcc/7-2017q4/bin/../lib/gcc/arm-none-eabi/7.2.1/../../../../arm-none-eabi/lib/thumb/v6-m\libm.a(lib_a-e_atan2.o)
                0x00005608                __ieee754_atan2
 .text.__ieee754_rem_pio2
                0x00005780      0x420 a:/users/robed/appdata/local/arduino15/packages/arduino/tools/arm-none-eabi-gcc/7-2017q4/bin/../lib/gcc/arm-none-eabi/7.2.1/../../../../arm-none-eabi/lib/thumb/v6-m\libm.a(lib_a-e_rem_pio2.o)
                0x00005780                __ieee754_rem_pio2
 .text.__ieee754_sqrt
                0x00005ba0      0x1b0 a:/users/robed/appdata/local/arduino15/packages/arduino/tools/arm-none-eabi-gcc/7-2017q4/bin/../lib/gcc/arm-none-eabi/7.2.1/../../../../arm-none-eabi/lib/thumb/v6-m\libm.a(lib_a-e_sqrt.o)
                0x00005ba0                __ieee754_sqrt
 .text.__kernel_cos
                0x00005d50      0x234 a:/users/robed/appdata/local/arduino15/packages/arduino/tools/arm-none-eabi-gcc/7-2017q4/bin/../lib/gcc/arm-none-eabi/7.2.1/../../../../arm-none-eabi/lib/thumb/v6-m\libm.a(lib_a-k_cos.o)
                0x00005d50                __kernel_cos
 .text.__kernel_rem_pio2
                0x00005f84      0x8c0 a:/users/robed/appdata/local/arduino15/packages/arduino/tools/arm-none-eabi-gcc/7-2017q4/bin/../lib/gcc/arm-none-eabi/7.2.1/../../../../arm-none-eabi/lib/thumb/v6-m\libm.a(lib_a-k_rem_pio2.o)
                0x00005f84                __kernel_rem_pio2
 .text.__kernel_sin
                0x00006844      0x164 a:/users/robed/appdata/local/arduino15/packages/arduino/tools/arm-none-eabi-gcc/7-2017q4/bin/../lib/gcc/arm-none-eabi/7.2.1/../../../../arm-none-eabi/lib/thumb/v6-m\libm.a(lib_a-k_sin.o)
                0x00006844                __kernel_sin
 .text.atan     0x000069a8      0x328 a:/users/robed/appdata/local/arduino15/packages/arduino/tools/arm-none-eabi-gcc/7-2017q4/bin/../lib/gcc/arm-none-eabi/7.2.1/../../../../arm-none-eabi/lib/thumb/v6-m\libm.a(lib_a-s_atan.o)
                0x000069a8                atan
 .text.fabs     0x00006cd0        0x8 a:/users/robed/appdata/local/arduino15/packages/arduino/tools/arm-none-eabi-gcc/7-2017q4/bin/../lib/gcc/arm-none-eabi/7.2.1/../../../../arm-none-eabi/lib/thumb/v6-m\libm.a(lib_a-s_fabs.o)
                0x00006cd0                fabs
 .text.floor    0x00006cd8      0x138 a:/users/robed/appdata/local/arduino15/packages/arduino/tools/arm-none-eabi-gcc/7-2017q4/bin/../lib/gcc/arm-none-eabi/7.2.1/../../../../arm-none-eabi/lib/thumb/v6-m\libm.a(lib_a-s_floor.o)
                0x00006cd8                floor
 .text.matherr  0x00006e10        0x4 a:/users/robed/appdata/local/arduino15/packages/arduino/tools/arm-none-eabi-gcc/7-2017q4/bin/../lib/gcc/arm-none-eabi/7.2.1/../../../../arm-none-eabi/lib/thumb/v6-m\libm.a(lib_a-s_matherr.o)
                0x00006e10                matherr
 .text.scalbn   0x00006e14       0xd0 a:/users/robed/appdata/local/arduino15/packages/arduino/tools/arm-none-eabi-gcc/7-2017q4/bin/../lib/gcc/arm-none-eabi/7.2.1/../../../../arm-none-eabi/lib/thumb/v6-m\libm.a(lib_a-s_scalbn.o)
                0x00006e14                scalbn
 .text.copysign
                0x00006ee4       0x10 a:/users/robed/appdata/local/arduino15/packages/arduino/tools/arm-none-eabi-gcc/7-2017q4/bin/../lib/gcc/arm-none-eabi/7.2.1/../../../../arm-none-eabi/lib/thumb/v6-m\libm.a(lib_a-s_copysign.o)
                0x00006ee4                copysign
 .text          0x00006ef4       0x14 a:/users/robed/appdata/local/arduino15/packages/arduino/tools/arm-none-eabi-gcc/7-2017q4/bin/../lib/gcc/arm-none-eabi/7.2.1/thumb/v6-m\libgcc.a(_thumb1_case_uqi.o)
                0x00006ef4                __gnu_thumb1_case_uqi
 .text          0x00006f08      0x114 a:/users/robed/appdata/local/arduino15/packages/arduino/tools/arm-none-eabi-gcc/7-2017q4/bin/../lib/gcc/arm-none-eabi/7.2.1/thumb/v6-m\libgcc.a(_udivsi3.o)
                0x00006f08                __aeabi_uidiv
                0x00006f08                __udivsi3
                0x00007014                __aeabi_uidivmod
 .text          0x0000701c      0x1d4 a:/users/robed/appdata/local/arduino15/packages/arduino/tools/arm-none-eabi-gcc/7-2017q4/bin/../lib/gcc/arm-none-eabi/7.2.1/thumb/v6-m\libgcc.a(_divsi3.o)
                0x0000701c                __divsi3
                0x0000701c                __aeabi_idiv
                0x000071e8                __aeabi_idivmod
 .text          0x000071f0        0x4 a:/users/robed/appdata/local/arduino15/packages/arduino/tools/arm-none-eabi-gcc/7-2017q4/bin/../lib/gcc/arm-none-eabi/7.2.1/thumb/v6-m\libgcc.a(_dvmd_tls.o)
                0x000071f0                __aeabi_idiv0
                0x000071f0                __aeabi_ldiv0
 .text          0x000071f4       0x7c a:/users/robed/appdata/local/arduino15/packages/arduino/tools/arm-none-eabi-gcc/7-2017q4/bin/../lib/gcc/arm-none-eabi/7.2.1/thumb/v6-m\libgcc.a(_arm_cmpdf2.o)
                0x000071f4                __aeabi_cdrcmple
                0x00007204                __aeabi_cdcmple
                0x00007204                __aeabi_cdcmpeq
                0x00007214                __aeabi_dcmpeq
                0x00007220                __aeabi_dcmplt
                0x00007234                __aeabi_dcmple
                0x00007248                __aeabi_dcmpgt
                0x0000725c                __aeabi_dcmpge
 .text          0x00007270       0x74 a:/users/robed/appdata/local/arduino15/packages/arduino/tools/arm-none-eabi-gcc/7-2017q4/bin/../lib/gcc/arm-none-eabi/7.2.1/thumb/v6-m\libgcc.a(_arm_cmpsf2.o)
                0x00007270                __aeabi_cfrcmple
                0x00007278                __aeabi_cfcmpeq
                0x00007278                __aeabi_cfcmple
                0x00007288                __aeabi_fcmpeq
                0x00007294                __aeabi_fcmplt
                0x000072a8                __aeabi_fcmple
                0x000072bc                __aeabi_fcmpgt
                0x000072d0                __aeabi_fcmpge
 .text          0x000072e4       0x3c a:/users/robed/appdata/local/arduino15/packages/arduino/tools/arm-none-eabi-gcc/7-2017q4/bin/../lib/gcc/arm-none-eabi/7.2.1/thumb/v6-m\libgcc.a(_fixunsdfsi.o)
                0x000072e4                __aeabi_d2uiz
                0x000072e4                __fixunsdfsi
 .text          0x00007320       0x50 a:/users/robed/appdata/local/arduino15/packages/arduino/tools/arm-none-eabi-gcc/7-2017q4/bin/../lib/gcc/arm-none-eabi/7.2.1/thumb/v6-m\libgcc.a(eqsf2.o)
                0x00007320                __eqsf2
                0x00007320                __nesf2
 .text          0x00007370       0x9c a:/users/robed/appdata/local/arduino15/packages/arduino/tools/arm-none-eabi-gcc/7-2017q4/bin/../lib/gcc/arm-none-eabi/7.2.1/thumb/v6-m\libgcc.a(gesf2.o)
                0x00007370                __gesf2
                0x00007370                __gtsf2
 .text          0x0000740c       0xa0 a:/users/robed/appdata/local/arduino15/packages/arduino/tools/arm-none-eabi-gcc/7-2017q4/bin/../lib/gcc/arm-none-eabi/7.2.1/thumb/v6-m\libgcc.a(lesf2.o)
                0x0000740c                __ltsf2
                0x0000740c                __lesf2
 .text          0x000074ac       0x40 a:/users/robed/appdata/local/arduino15/packages/arduino/tools/arm-none-eabi-gcc/7-2017q4/bin/../lib/gcc/arm-none-eabi/7.2.1/thumb/v6-m\libgcc.a(fixsfsi.o)
                0x000074ac                __aeabi_f2iz
 .text          0x000074ec      0x638 a:/users/robed/appdata/local/arduino15/packages/arduino/tools/arm-none-eabi-gcc/7-2017q4/bin/../lib/gcc/arm-none-eabi/7.2.1/thumb/v6-m\libgcc.a(adddf3.o)
                0x000074ec                __aeabi_dadd
 .text          0x00007b24      0x604 a:/users/robed/appdata/local/arduino15/packages/arduino/tools/arm-none-eabi-gcc/7-2017q4/bin/../lib/gcc/arm-none-eabi/7.2.1/thumb/v6-m\libgcc.a(divdf3.o)
                0x00007b24                __aeabi_ddiv
 .text          0x00008128       0x78 a:/users/robed/appdata/local/arduino15/packages/arduino/tools/arm-none-eabi-gcc/7-2017q4/bin/../lib/gcc/arm-none-eabi/7.2.1/thumb/v6-m\libgcc.a(eqdf2.o)
                0x00008128                __nedf2
                0x00008128                __eqdf2
 .text          0x000081a0       0xc8 a:/users/robed/appdata/local/arduino15/packages/arduino/tools/arm-none-eabi-gcc/7-2017q4/bin/../lib/gcc/arm-none-eabi/7.2.1/thumb/v6-m\libgcc.a(gedf2.o)
                0x000081a0                __gedf2
                0x000081a0                __gtdf2
 .text          0x00008268       0xd0 a:/users/robed/appdata/local/arduino15/packages/arduino/tools/arm-none-eabi-gcc/7-2017q4/bin/../lib/gcc/arm-none-eabi/7.2.1/thumb/v6-m\libgcc.a(ledf2.o)
                0x00008268                __ledf2
                0x00008268                __ltdf2
 .text          0x00008338      0x4e4 a:/users/robed/appdata/local/arduino15/packages/arduino/tools/arm-none-eabi-gcc/7-2017q4/bin/../lib/gcc/arm-none-eabi/7.2.1/thumb/v6-m\libgcc.a(muldf3.o)
                0x00008338                __aeabi_dmul
 .text          0x0000881c      0x690 a:/users/robed/appdata/local/arduino15/packages/arduino/tools/arm-none-eabi-gcc/7-2017q4/bin/../lib/gcc/arm-none-eabi/7.2.1/thumb/v6-m\libgcc.a(subdf3.o)
                0x0000881c                __aeabi_dsub
 .text          0x00008eac       0x38 a:/users/robed/appdata/local/arduino15/packages/arduino/tools/arm-none-eabi-gcc/7-2017q4/bin/../lib/gcc/arm-none-eabi/7.2.1/thumb/v6-m\libgcc.a(unorddf2.o)
                0x00008eac                __aeabi_dcmpun
 .text          0x00008ee4       0x6c a:/users/robed/appdata/local/arduino15/packages/arduino/tools/arm-none-eabi-gcc/7-2017q4/bin/../lib/gcc/arm-none-eabi/7.2.1/thumb/v6-m\libgcc.a(fixdfsi.o)
                0x00008ee4                __aeabi_d2iz
 .text          0x00008f50       0x74 a:/users/robed/appdata/local/arduino15/packages/arduino/tools/arm-none-eabi-gcc/7-2017q4/bin/../lib/gcc/arm-none-eabi/7.2.1/thumb/v6-m\libgcc.a(floatsidf.o)
                0x00008f50                __aeabi_i2d
 .text          0x00008fc4       0x64 a:/users/robed/appdata/local/arduino15/packages/arduino/tools/arm-none-eabi-gcc/7-2017q4/bin/../lib/gcc/arm-none-eabi/7.2.1/thumb/v6-m\libgcc.a(floatunsidf.o)
                0x00008fc4                __aeabi_ui2d
 .text          0x00009028       0xa4 a:/users/robed/appdata/local/arduino15/packages/arduino/tools/arm-none-eabi-gcc/7-2017q4/bin/../lib/gcc/arm-none-eabi/7.2.1/thumb/v6-m\libgcc.a(extendsfdf2.o)
                0x00009028                __aeabi_f2d
 .text          0x000090cc      0x108 a:/users/robed/appdata/local/arduino15/packages/arduino/tools/arm-none-eabi-gcc/7-2017q4/bin/../lib/gcc/arm-none-eabi/7.2.1/thumb/v6-m\libgcc.a(truncdfsf2.o)
                0x000090cc                __aeabi_d2f
 .text          0x000091d4       0x3c a:/users/robed/appdata/local/arduino15/packages/arduino/tools/arm-none-eabi-gcc/7-2017q4/bin/../lib/gcc/arm-none-eabi/7.2.1/thumb/v6-m\libgcc.a(_clzsi2.o)
                0x000091d4                __clzsi2
 .text.atol     0x00009210        0xc a:/users/robed/appdata/local/arduino15/packages/arduino/tools/arm-none-eabi-gcc/7-2017q4/bin/../lib/gcc/arm-none-eabi/7.2.1/../../../../arm-none-eabi/lib/thumb/v6-m\libc_nano.a(lib_a-atol.o)
                0x00009210                atol
 .text.__errno  0x0000921c        0xc a:/users/robed/appdata/local/arduino15/packages/arduino/tools/arm-none-eabi-gcc/7-2017q4/bin/../lib/gcc/arm-none-eabi/7.2.1/../../../../arm-none-eabi/lib/thumb/v6-m\libc_nano.a(lib_a-errno.o)
                0x0000921c                __errno
 .text.__libc_init_array
                0x00009228       0x48 a:/users/robed/appdata/local/arduino15/packages/arduino/tools/arm-none-eabi-gcc/7-2017q4/bin/../lib/gcc/arm-none-eabi/7.2.1/../../../../arm-none-eabi/lib/thumb/v6-m\libc_nano.a(lib_a-init.o)
                0x00009228                __libc_init_array
 .text.malloc   0x00009270       0x14 a:/users/robed/appdata/local/arduino15/packages/arduino/tools/arm-none-eabi-gcc/7-2017q4/bin/../lib/gcc/arm-none-eabi/7.2.1/../../../../arm-none-eabi/lib/thumb/v6-m\libc_nano.a(lib_a-malloc.o)
                0x00009270                malloc
 .text.free     0x00009284       0x14 a:/users/robed/appdata/local/arduino15/packages/arduino/tools/arm-none-eabi-gcc/7-2017q4/bin/../lib/gcc/arm-none-eabi/7.2.1/../../../../arm-none-eabi/lib/thumb/v6-m\libc_nano.a(lib_a-malloc.o)
                0x00009284                free
 .text.memcpy   0x00009298       0x12 a:/users/robed/appdata/local/arduino15/packages/arduino/tools/arm-none-eabi-gcc/7-2017q4/bin/../lib/gcc/arm-none-eabi/7.2.1/../../../../arm-none-eabi/lib/thumb/v6-m\libc_nano.a(lib_a-memcpy-stub.o)
                0x00009298                memcpy
 .text.memset   0x000092aa       0x10 a:/users/robed/appdata/local/arduino15/packages/arduino/tools/arm-none-eabi-gcc/7-2017q4/bin/../lib/gcc/arm-none-eabi/7.2.1/../../../../arm-none-eabi/lib/thumb/v6-m\libc_nano.a(lib_a-memset.o)
                0x000092aa                memset
 *fill*         0x000092ba        0x2 
 .text._free_r  0x000092bc       0x94 a:/users/robed/appdata/local/arduino15/packages/arduino/tools/arm-none-eabi-gcc/7-2017q4/bin/../lib/gcc/arm-none-eabi/7.2.1/../../../../arm-none-eabi/lib/thumb/v6-m\libc_nano.a(lib_a-nano-freer.o)
                0x000092bc                _free_r
 .text._malloc_r
                0x00009350       0xbc a:/users/robed/appdata/local/arduino15/packages/arduino/tools/arm-none-eabi-gcc/7-2017q4/bin/../lib/gcc/arm-none-eabi/7.2.1/../../../../arm-none-eabi/lib/thumb/v6-m\libc_nano.a(lib_a-nano-mallocr.o)
                0x00009350                _malloc_r
 .text._sbrk_r  0x0000940c       0x24 a:/users/robed/appdata/local/arduino15/packages/arduino/tools/arm-none-eabi-gcc/7-2017q4/bin/../lib/gcc/arm-none-eabi/7.2.1/../../../../arm-none-eabi/lib/thumb/v6-m\libc_nano.a(lib_a-sbrkr.o)
                0x0000940c                _sbrk_r
 .text.sprintf  0x00009430       0x40 a:/users/robed/appdata/local/arduino15/packages/arduino/tools/arm-none-eabi-gcc/7-2017q4/bin/../lib/gcc/arm-none-eabi/7.2.1/../../../../arm-none-eabi/lib/thumb/v6-m\libc_nano.a(lib_a-sprintf.o)
                0x00009430                siprintf
                0x00009430                sprintf
 .text          0x00009470       0x14 a:/users/robed/appdata/local/arduino15/packages/arduino/tools/arm-none-eabi-gcc/7-2017q4/bin/../lib/gcc/arm-none-eabi/7.2.1/../../../../arm-none-eabi/lib/thumb/v6-m\libc_nano.a(lib_a-strcmp.o)
                0x00009470                strcmp
 .text.strcpy   0x00009484       0x10 a:/users/robed/appdata/local/arduino15/packages/arduino/tools/arm-none-eabi-gcc/7-2017q4/bin/../lib/gcc/arm-none-eabi/7.2.1/../../../../arm-none-eabi/lib/thumb/v6-m\libc_nano.a(lib_a-strcpy.o)
                0x00009484                strcpy
 .text          0x00009494        0xe a:/users/robed/appdata/local/arduino15/packages/arduino/tools/arm-none-eabi-gcc/7-2017q4/bin/../lib/gcc/arm-none-eabi/7.2.1/../../../../arm-none-eabi/lib/thumb/v6-m\libc_nano.a(lib_a-strlen.o)
                0x00009494                strlen
 .text.strncpy  0x000094a2       0x28 a:/users/robed/appdata/local/arduino15/packages/arduino/tools/arm-none-eabi-gcc/7-2017q4/bin/../lib/gcc/arm-none-eabi/7.2.1/../../../../arm-none-eabi/lib/thumb/v6-m\libc_nano.a(lib_a-strncpy.o)
                0x000094a2                strncpy
 *fill*         0x000094ca        0x2 
 .text._strtol_l.isra.0
                0x000094cc      0x104 a:/users/robed/appdata/local/arduino15/packages/arduino/tools/arm-none-eabi-gcc/7-2017q4/bin/../lib/gcc/arm-none-eabi/7.2.1/../../../../arm-none-eabi/lib/thumb/v6-m\libc_nano.a(lib_a-strtol.o)
 .text.strtol   0x000095d0       0x28 a:/users/robed/appdata/local/arduino15/packages/arduino/tools/arm-none-eabi-gcc/7-2017q4/bin/../lib/gcc/arm-none-eabi/7.2.1/../../../../arm-none-eabi/lib/thumb/v6-m\libc_nano.a(lib_a-strtol.o)
                0x000095d0                strtol
 .text.__locale_ctype_ptr_l
                0x000095f8        0x6 a:/users/robed/appdata/local/arduino15/packages/arduino/tools/arm-none-eabi-gcc/7-2017q4/bin/../lib/gcc/arm-none-eabi/7.2.1/../../../../arm-none-eabi/lib/thumb/v6-m\libc_nano.a(lib_a-locale.o)
                0x000095f8                __locale_ctype_ptr_l
 .text.__ascii_mbtowc
                0x000095fe       0x24 a:/users/robed/appdata/local/arduino15/packages/arduino/tools/arm-none-eabi-gcc/7-2017q4/bin/../lib/gcc/arm-none-eabi/7.2.1/../../../../arm-none-eabi/lib/thumb/v6-m\libc_nano.a(lib_a-mbtowc_r.o)
                0x000095fe                __ascii_mbtowc
 .text.__malloc_lock
                0x00009622        0x2 a:/users/robed/appdata/local/arduino15/packages/arduino/tools/arm-none-eabi-gcc/7-2017q4/bin/../lib/gcc/arm-none-eabi/7.2.1/../../../../arm-none-eabi/lib/thumb/v6-m\libc_nano.a(lib_a-mlock.o)
                0x00009622                __malloc_lock
 .text.__malloc_unlock
                0x00009624        0x2 a:/users/robed/appdata/local/arduino15/packages/arduino/tools/arm-none-eabi-gcc/7-2017q4/bin/../lib/gcc/arm-none-eabi/7.2.1/../../../../arm-none-eabi/lib/thumb/v6-m\libc_nano.a(lib_a-mlock.o)
                0x00009624                __malloc_unlock
 *fill*         0x00009626        0x2 
 .text.__ssputs_r
                0x00009628       0xc4 a:/users/robed/appdata/local/arduino15/packages/arduino/tools/arm-none-eabi-gcc/7-2017q4/bin/../lib/gcc/arm-none-eabi/7.2.1/../../../../arm-none-eabi/lib/thumb/v6-m\libc_nano.a(lib_a-nano-svfprintf.o)
                0x00009628                __ssputs_r
 .text._svfprintf_r
                0x000096ec      0x1fc a:/users/robed/appdata/local/arduino15/packages/arduino/tools/arm-none-eabi-gcc/7-2017q4/bin/../lib/gcc/arm-none-eabi/7.2.1/../../../../arm-none-eabi/lib/thumb/v6-m\libc_nano.a(lib_a-nano-svfprintf.o)
                0x000096ec                _svfiprintf_r
                0x000096ec                _svfprintf_r
 .text._printf_common
                0x000098e8       0xda a:/users/robed/appdata/local/arduino15/packages/arduino/tools/arm-none-eabi-gcc/7-2017q4/bin/../lib/gcc/arm-none-eabi/7.2.1/../../../../arm-none-eabi/lib/thumb/v6-m\libc_nano.a(lib_a-nano-vfprintf_i.o)
                0x000098e8                _printf_common
 *fill*         0x000099c2        0x2 
 .text._printf_i
                0x000099c4      0x210 a:/users/robed/appdata/local/arduino15/packages/arduino/tools/arm-none-eabi-gcc/7-2017q4/bin/../lib/gcc/arm-none-eabi/7.2.1/../../../../arm-none-eabi/lib/thumb/v6-m\libc_nano.a(lib_a-nano-vfprintf_i.o)
                0x000099c4                _printf_i
 .text.__ascii_wctomb
                0x00009bd4       0x18 a:/users/robed/appdata/local/arduino15/packages/arduino/tools/arm-none-eabi-gcc/7-2017q4/bin/../lib/gcc/arm-none-eabi/7.2.1/../../../../arm-none-eabi/lib/thumb/v6-m\libc_nano.a(lib_a-wctomb_r.o)
                0x00009bd4                __ascii_wctomb
 .text.memchr   0x00009bec       0x16 a:/users/robed/appdata/local/arduino15/packages/arduino/tools/arm-none-eabi-gcc/7-2017q4/bin/../lib/gcc/arm-none-eabi/7.2.1/../../../../arm-none-eabi/lib/thumb/v6-m\libc_nano.a(lib_a-memchr-stub.o)
                0x00009bec                memchr
 .text.memmove  0x00009c02       0x26 a:/users/robed/appdata/local/arduino15/packages/arduino/tools/arm-none-eabi-gcc/7-2017q4/bin/../lib/gcc/arm-none-eabi/7.2.1/../../../../arm-none-eabi/lib/thumb/v6-m\libc_nano.a(lib_a-memmove.o)
                0x00009c02                memmove
 .text._realloc_r
                0x00009c28       0x4c a:/users/robed/appdata/local/arduino15/packages/arduino/tools/arm-none-eabi-gcc/7-2017q4/bin/../lib/gcc/arm-none-eabi/7.2.1/../../../../arm-none-eabi/lib/thumb/v6-m\libc_nano.a(lib_a-nano-reallocr.o)
                0x00009c28                _realloc_r
 .text._malloc_usable_size_r
                0x00009c74       0x10 a:/users/robed/appdata/local/arduino15/packages/arduino/tools/arm-none-eabi-gcc/7-2017q4/bin/../lib/gcc/arm-none-eabi/7.2.1/../../../../arm-none-eabi/lib/thumb/v6-m\libc_nano.a(lib_a-nano-msizer.o)
                0x00009c74                _malloc_usable_size_r
 .text._sbrk    0x00009c84       0x1c a:/users/robed/appdata/local/arduino15/packages/arduino/tools/arm-none-eabi-gcc/7-2017q4/bin/../lib/gcc/arm-none-eabi/7.2.1/../../../../arm-none-eabi/lib/thumb/v6-m\libnosys.a(sbrk.o)
                0x00009c84                _sbrk
 *(.init)
 .init          0x00009ca0        0x4 a:/users/robed/appdata/local/arduino15/packages/arduino/tools/arm-none-eabi-gcc/7-2017q4/bin/../lib/gcc/arm-none-eabi/7.2.1/thumb/v6-m/crti.o
                0x00009ca0                _init
 .init          0x00009ca4        0x8 a:/users/robed/appdata/local/arduino15/packages/arduino/tools/arm-none-eabi-gcc/7-2017q4/bin/../lib/gcc/arm-none-eabi/7.2.1/thumb/v6-m/crtn.o
 *(.fini)
 .fini          0x00009cac        0x4 a:/users/robed/appdata/local/arduino15/packages/arduino/tools/arm-none-eabi-gcc/7-2017q4/bin/../lib/gcc/arm-none-eabi/7.2.1/thumb/v6-m/crti.o
                0x00009cac                _fini
 .fini          0x00009cb0        0x8 a:/users/robed/appdata/local/arduino15/packages/arduino/tools/arm-none-eabi-gcc/7-2017q4/bin/../lib/gcc/arm-none-eabi/7.2.1/thumb/v6-m/crtn.o
 *crtbegin.o(.ctors)
 *crtbegin?.o(.ctors)
 *(EXCLUDE_FILE(*crtend.o *crtend?.o) .ctors)
 *(SORT_BY_NAME(.ctors.*))
 *(.ctors)
 *crtbegin.o(.dtors)
 *crtbegin?.o(.dtors)
 *(EXCLUDE_FILE(*crtend.o *crtend?.o) .dtors)
 *(SORT_BY_NAME(.dtors.*))
 *(.dtors)
 *(.rodata*)
 .rodata        0x00009cb8       0x20 a:\Users\robed\OneDrive - Universidad del Norte\U\#9\Proyecto Final\Code\test\build\sketch\sketch.ino.cpp.o
 .rodata._ZL8printIntmbi.str1.1
                0x00009cd8        0x4 a:\Users\robed\OneDrive - Universidad del Norte\U\#9\Proyecto Final\Code\test\build\sketch\sketch.ino.cpp.o
 .rodata.loop.str1.1
                0x00009cdc       0x4f a:\Users\robed\OneDrive - Universidad del Norte\U\#9\Proyecto Final\Code\test\build\sketch\sketch.ino.cpp.o
                                 0x5e (size before relaxing)
 .rodata._ZN11TinyGPSPlus16endOfTermHandlerEv.str1.1
                0x00009d2b       0x18 a:\Users\robed\OneDrive - Universidad del Norte\U\#9\Proyecto Final\Code\test\build\libraries\TinyGPSPlus\TinyGPS++.cpp.o
 *fill*         0x00009d43        0x1 
 .rodata._ZZN11TinyGPSPlus8cardinalEdE10directions
                0x00009d44       0x40 a:\Users\robed\OneDrive - Universidad del Norte\U\#9\Proyecto Final\Code\test\build\libraries\TinyGPSPlus\TinyGPS++.cpp.o
 .rodata.str1.1
                0x00009d84       0x24 a:\Users\robed\OneDrive - Universidad del Norte\U\#9\Proyecto Final\Code\test\build\libraries\TinyGPSPlus\TinyGPS++.cpp.o
                                 0x34 (size before relaxing)
 .rodata.g_APinDescription
                0x00009da8      0x450 a:\Users\robed\OneDrive - Universidad del Norte\U\#9\Proyecto Final\Code\test\build\core\variant.cpp.o
                0x00009da8                g_APinDescription
 .rodata._ZTV7Serial_
                0x0000a1f8       0x60 a:\Users\robed\OneDrive - Universidad del Norte\U\#9\Proyecto Final\Code\test\build/core\core.a(CDC.cpp.o)
                0x0000a1f8                vtable for Serial_
 .rodata._ZTV26DoubleBufferedEPOutHandler
                0x0000a258       0x24 a:\Users\robed\OneDrive - Universidad del Norte\U\#9\Proyecto Final\Code\test\build/core\core.a(USBCore.cpp.o)
                0x0000a258                vtable for DoubleBufferedEPOutHandler
 .rodata._ZL14STRING_PRODUCT
                0x0000a27c        0xd a:\Users\robed\OneDrive - Universidad del Norte\U\#9\Proyecto Final\Code\test\build/core\core.a(USBCore.cpp.o)
 *fill*         0x0000a289        0x1 
 .rodata._ZL15STRING_LANGUAGE
                0x0000a28a        0x4 a:\Users\robed\OneDrive - Universidad del Norte\U\#9\Proyecto Final\Code\test\build/core\core.a(USBCore.cpp.o)
 .rodata._ZL19STRING_MANUFACTURER
                0x0000a28e        0xc a:\Users\robed\OneDrive - Universidad del Norte\U\#9\Proyecto Final\Code\test\build/core\core.a(USBCore.cpp.o)
 .rodata._ZL21USB_DeviceDescriptorB
                0x0000a29a       0x12 a:\Users\robed\OneDrive - Universidad del Norte\U\#9\Proyecto Final\Code\test\build/core\core.a(USBCore.cpp.o)
 .rodata._ZTV4Uart
                0x0000a2ac       0x34 a:\Users\robed\OneDrive - Universidad del Norte\U\#9\Proyecto Final\Code\test\build/core\core.a(Uart.cpp.o)
                0x0000a2ac                vtable for Uart
 .rodata._ZN7arduino5Print10printFloatEdi.str1.1
                0x0000a2e0        0xe a:\Users\robed\OneDrive - Universidad del Norte\U\#9\Proyecto Final\Code\test\build/core\core.a(Print.cpp.o)
 .rodata._ZN7arduino5Print7printlnEv.str1.1
                0x0000a2ee        0x3 a:\Users\robed\OneDrive - Universidad del Norte\U\#9\Proyecto Final\Code\test\build/core\core.a(Print.cpp.o)
 *fill*         0x0000a2f1        0x3 
 .rodata.sqrt.str1.4
                0x0000a2f4        0x8 a:/users/robed/appdata/local/arduino15/packages/arduino/tools/arm-none-eabi-gcc/7-2017q4/bin/../lib/gcc/arm-none-eabi/7.2.1/../../../../arm-none-eabi/lib/thumb/v6-m\libm.a(lib_a-w_sqrt.o)
                                  0x5 (size before relaxing)
 .rodata.npio2_hw
                0x0000a2fc       0x80 a:/users/robed/appdata/local/arduino15/packages/arduino/tools/arm-none-eabi-gcc/7-2017q4/bin/../lib/gcc/arm-none-eabi/7.2.1/../../../../arm-none-eabi/lib/thumb/v6-m\libm.a(lib_a-e_rem_pio2.o)
 .rodata.two_over_pi
                0x0000a37c      0x108 a:/users/robed/appdata/local/arduino15/packages/arduino/tools/arm-none-eabi-gcc/7-2017q4/bin/../lib/gcc/arm-none-eabi/7.2.1/../../../../arm-none-eabi/lib/thumb/v6-m\libm.a(lib_a-e_rem_pio2.o)
 *fill*         0x0000a484        0x4 
 .rodata.PIo2   0x0000a488       0x40 a:/users/robed/appdata/local/arduino15/packages/arduino/tools/arm-none-eabi-gcc/7-2017q4/bin/../lib/gcc/arm-none-eabi/7.2.1/../../../../arm-none-eabi/lib/thumb/v6-m\libm.a(lib_a-k_rem_pio2.o)
 .rodata.init_jk
                0x0000a4c8       0x10 a:/users/robed/appdata/local/arduino15/packages/arduino/tools/arm-none-eabi-gcc/7-2017q4/bin/../lib/gcc/arm-none-eabi/7.2.1/../../../../arm-none-eabi/lib/thumb/v6-m\libm.a(lib_a-k_rem_pio2.o)
 .rodata.atanhi
                0x0000a4d8       0x20 a:/users/robed/appdata/local/arduino15/packages/arduino/tools/arm-none-eabi-gcc/7-2017q4/bin/../lib/gcc/arm-none-eabi/7.2.1/../../../../arm-none-eabi/lib/thumb/v6-m\libm.a(lib_a-s_atan.o)
 .rodata.atanlo
                0x0000a4f8       0x20 a:/users/robed/appdata/local/arduino15/packages/arduino/tools/arm-none-eabi-gcc/7-2017q4/bin/../lib/gcc/arm-none-eabi/7.2.1/../../../../arm-none-eabi/lib/thumb/v6-m\libm.a(lib_a-s_atan.o)
 .rodata        0x0000a518       0x40 a:/users/robed/appdata/local/arduino15/packages/arduino/tools/arm-none-eabi-gcc/7-2017q4/bin/../lib/gcc/arm-none-eabi/7.2.1/thumb/v6-m\libgcc.a(divdf3.o)
 .rodata        0x0000a558       0x40 a:/users/robed/appdata/local/arduino15/packages/arduino/tools/arm-none-eabi-gcc/7-2017q4/bin/../lib/gcc/arm-none-eabi/7.2.1/thumb/v6-m\libgcc.a(muldf3.o)
 .rodata._setlocale_r.str1.1
                0x0000a598        0x6 a:/users/robed/appdata/local/arduino15/packages/arduino/tools/arm-none-eabi-gcc/7-2017q4/bin/../lib/gcc/arm-none-eabi/7.2.1/../../../../arm-none-eabi/lib/thumb/v6-m\libc_nano.a(lib_a-locale.o)
                                  0x9 (size before relaxing)
 .rodata.str1.1
                0x0000a59e        0x2 a:/users/robed/appdata/local/arduino15/packages/arduino/tools/arm-none-eabi-gcc/7-2017q4/bin/../lib/gcc/arm-none-eabi/7.2.1/../../../../arm-none-eabi/lib/thumb/v6-m\libc_nano.a(lib_a-locale.o)
 .rodata._svfprintf_r.str1.1
                0x0000a59e       0x11 a:/users/robed/appdata/local/arduino15/packages/arduino/tools/arm-none-eabi-gcc/7-2017q4/bin/../lib/gcc/arm-none-eabi/7.2.1/../../../../arm-none-eabi/lib/thumb/v6-m\libc_nano.a(lib_a-nano-svfprintf.o)
 .rodata._printf_i.str1.1
                0x0000a5af       0x22 a:/users/robed/appdata/local/arduino15/packages/arduino/tools/arm-none-eabi-gcc/7-2017q4/bin/../lib/gcc/arm-none-eabi/7.2.1/../../../../arm-none-eabi/lib/thumb/v6-m\libc_nano.a(lib_a-nano-vfprintf_i.o)
 .rodata._ctype_
                0x0000a5d1      0x101 a:/users/robed/appdata/local/arduino15/packages/arduino/tools/arm-none-eabi-gcc/7-2017q4/bin/../lib/gcc/arm-none-eabi/7.2.1/../../../../arm-none-eabi/lib/thumb/v6-m\libc_nano.a(lib_a-ctype_.o)
                0x0000a5d1                _ctype_
 *(.eh_frame*)
 *fill*         0x0000a6d2        0x2 
 .eh_frame      0x0000a6d4        0x0 a:/users/robed/appdata/local/arduino15/packages/arduino/tools/arm-none-eabi-gcc/7-2017q4/bin/../lib/gcc/arm-none-eabi/7.2.1/thumb/v6-m/crtbegin.o
 .eh_frame      0x0000a6d4        0x4 a:/users/robed/appdata/local/arduino15/packages/arduino/tools/arm-none-eabi-gcc/7-2017q4/bin/../lib/gcc/arm-none-eabi/7.2.1/thumb/v6-m/crtend.o

.glue_7         0x0000a6d8        0x0
 .glue_7        0x0000a6d8        0x0 linker stubs

.glue_7t        0x0000a6d8        0x0
 .glue_7t       0x0000a6d8        0x0 linker stubs

.vfp11_veneer   0x0000a6d8        0x0
 .vfp11_veneer  0x0000a6d8        0x0 linker stubs

.v4_bx          0x0000a6d8        0x0
 .v4_bx         0x0000a6d8        0x0 linker stubs

.iplt           0x0000a6d8        0x0
 .iplt          0x0000a6d8        0x0 a:/users/robed/appdata/local/arduino15/packages/arduino/tools/arm-none-eabi-gcc/7-2017q4/bin/../lib/gcc/arm-none-eabi/7.2.1/thumb/v6-m/crtbegin.o

.rel.dyn        0x0000a6d8        0x0
 .rel.iplt      0x0000a6d8        0x0 a:/users/robed/appdata/local/arduino15/packages/arduino/tools/arm-none-eabi-gcc/7-2017q4/bin/../lib/gcc/arm-none-eabi/7.2.1/thumb/v6-m/crtbegin.o

.ARM.extab
 *(.ARM.extab* .gnu.linkonce.armextab.*)
                0x0000a6d8                __exidx_start = .

.ARM.exidx
 *(.ARM.exidx* .gnu.linkonce.armexidx.*)
                0x0000a6d8                __exidx_end = .
                0x0000a6d8                __etext = .

.data           0x20000000      0x210 load address 0x0000a6d8
                0x20000000                __data_start__ = .
 *(vtable)
 *(.data*)
 .data.SystemCoreClock
                0x20000000        0x4 a:\Users\robed\OneDrive - Universidad del Norte\U\#9\Proyecto Final\Code\test\build/core\core.a(wiring.c.o)
                0x20000000                SystemCoreClock
 .data._ZL5ticks
                0x20000004        0x4 a:\Users\robed\OneDrive - Universidad del Norte\U\#9\Proyecto Final\Code\test\build/core\core.a(Reset.cpp.o)
 .data._ZL10breakValue
                0x20000008        0x4 a:\Users\robed\OneDrive - Universidad del Norte\U\#9\Proyecto Final\Code\test\build/core\core.a(CDC.cpp.o)
 .data._ZL12_usbLineInfo
                0x2000000c        0x8 a:\Users\robed\OneDrive - Universidad del Norte\U\#9\Proyecto Final\Code\test\build/core\core.a(CDC.cpp.o)
 .data._serialPeek
                0x20000014        0x4 a:\Users\robed\OneDrive - Universidad del Norte\U\#9\Proyecto Final\Code\test\build/core\core.a(CDC.cpp.o)
                0x20000014                _serialPeek
 .data.__fdlib_version
                0x20000018        0x1 a:/users/robed/appdata/local/arduino15/packages/arduino/tools/arm-none-eabi-gcc/7-2017q4/bin/../lib/gcc/arm-none-eabi/7.2.1/../../../../arm-none-eabi/lib/thumb/v6-m\libm.a(lib_a-s_lib_ver.o)
                0x20000018                __fdlib_version
 *fill*         0x20000019        0x3 
 .data._impure_ptr
                0x2000001c        0x4 a:/users/robed/appdata/local/arduino15/packages/arduino/tools/arm-none-eabi-gcc/7-2017q4/bin/../lib/gcc/arm-none-eabi/7.2.1/../../../../arm-none-eabi/lib/thumb/v6-m\libc_nano.a(lib_a-impure.o)
                0x2000001c                _impure_ptr
 .data.impure_data
                0x20000020       0x60 a:/users/robed/appdata/local/arduino15/packages/arduino/tools/arm-none-eabi-gcc/7-2017q4/bin/../lib/gcc/arm-none-eabi/7.2.1/../../../../arm-none-eabi/lib/thumb/v6-m\libc_nano.a(lib_a-impure.o)
 .data.__global_locale
                0x20000080      0x16c a:/users/robed/appdata/local/arduino15/packages/arduino/tools/arm-none-eabi-gcc/7-2017q4/bin/../lib/gcc/arm-none-eabi/7.2.1/../../../../arm-none-eabi/lib/thumb/v6-m\libc_nano.a(lib_a-locale.o)
                0x20000080                __global_locale
                0x200001ec                . = ALIGN (0x4)
                0x200001ec                PROVIDE (__preinit_array_start, .)
 *(.preinit_array)
                0x200001ec                PROVIDE (__preinit_array_end, .)
                0x200001ec                . = ALIGN (0x4)
                0x200001ec                PROVIDE (__init_array_start, .)
 *(SORT_BY_NAME(.init_array.*))
 *(.init_array)
 .init_array    0x200001ec        0x4 a:/users/robed/appdata/local/arduino15/packages/arduino/tools/arm-none-eabi-gcc/7-2017q4/bin/../lib/gcc/arm-none-eabi/7.2.1/thumb/v6-m/crtbegin.o
 .init_array    0x200001f0        0x4 a:\Users\robed\OneDrive - Universidad del Norte\U\#9\Proyecto Final\Code\test\build\sketch\sketch.ino.cpp.o
 .init_array    0x200001f4        0x4 a:\Users\robed\OneDrive - Universidad del Norte\U\#9\Proyecto Final\Code\test\build\core\variant.cpp.o
 .init_array    0x200001f8        0x4 a:\Users\robed\OneDrive - Universidad del Norte\U\#9\Proyecto Final\Code\test\build/core\core.a(CDC.cpp.o)
 .init_array    0x200001fc        0x4 a:\Users\robed\OneDrive - Universidad del Norte\U\#9\Proyecto Final\Code\test\build/core\core.a(USBCore.cpp.o)
                0x20000200                PROVIDE (__init_array_end, .)
                0x20000200                . = ALIGN (0x4)
                [!provide]                PROVIDE (__fini_array_start, .)
 *(SORT_BY_NAME(.fini_array.*))
 *(.fini_array)
 .fini_array    0x20000200        0x4 a:/users/robed/appdata/local/arduino15/packages/arduino/tools/arm-none-eabi-gcc/7-2017q4/bin/../lib/gcc/arm-none-eabi/7.2.1/thumb/v6-m/crtbegin.o
                [!provide]                PROVIDE (__fini_array_end, .)
 *(.jcr*)
                0x20000210                . = ALIGN (0x10)
 *fill*         0x20000204        0xc 
                0x20000210                __data_end__ = .

.igot.plt       0x20000210        0x0 load address 0x0000a8e8
 .igot.plt      0x20000210        0x0 a:/users/robed/appdata/local/arduino15/packages/arduino/tools/arm-none-eabi-gcc/7-2017q4/bin/../lib/gcc/arm-none-eabi/7.2.1/thumb/v6-m/crtbegin.o

.bss            0x20000210      0xbec load address 0x0000a8e8
                0x20000210                . = ALIGN (0x4)
                0x20000210                __bss_start__ = .
 *(.bss*)
 .bss           0x20000210       0x1c a:/users/robed/appdata/local/arduino15/packages/arduino/tools/arm-none-eabi-gcc/7-2017q4/bin/../lib/gcc/arm-none-eabi/7.2.1/thumb/v6-m/crtbegin.o
 .bss.gps       0x2000022c       0xd8 a:\Users\robed\OneDrive - Universidad del Norte\U\#9\Proyecto Final\Code\test\build\sketch\sketch.ino.cpp.o
                0x2000022c                gps
 .bss.Serial    0x20000304      0x244 a:\Users\robed\OneDrive - Universidad del Norte\U\#9\Proyecto Final\Code\test\build\core\variant.cpp.o
                0x20000304                Serial
 .bss.Serial1   0x20000548      0x244 a:\Users\robed\OneDrive - Universidad del Norte\U\#9\Proyecto Final\Code\test\build\core\variant.cpp.o
                0x20000548                Serial1
 .bss.sercom0   0x2000078c        0x8 a:\Users\robed\OneDrive - Universidad del Norte\U\#9\Proyecto Final\Code\test\build\core\variant.cpp.o
                0x2000078c                sercom0
 .bss.sercom1   0x20000794        0x8 a:\Users\robed\OneDrive - Universidad del Norte\U\#9\Proyecto Final\Code\test\build\core\variant.cpp.o
                0x20000794                sercom1
 .bss.sercom2   0x2000079c        0x8 a:\Users\robed\OneDrive - Universidad del Norte\U\#9\Proyecto Final\Code\test\build\core\variant.cpp.o
                0x2000079c                sercom2
 .bss.sercom3   0x200007a4        0x8 a:\Users\robed\OneDrive - Universidad del Norte\U\#9\Proyecto Final\Code\test\build\core\variant.cpp.o
                0x200007a4                sercom3
 .bss.sercom4   0x200007ac        0x8 a:\Users\robed\OneDrive - Universidad del Norte\U\#9\Proyecto Final\Code\test\build\core\variant.cpp.o
                0x200007ac                sercom4
 .bss.sercom5   0x200007b4        0x8 a:\Users\robed\OneDrive - Universidad del Norte\U\#9\Proyecto Final\Code\test\build\core\variant.cpp.o
                0x200007b4                sercom5
 .bss.usb_isr   0x200007bc        0x4 a:\Users\robed\OneDrive - Universidad del Norte\U\#9\Proyecto Final\Code\test\build/core\core.a(cortex_handlers.c.o)
 .bss._ulTickCount
                0x200007c0        0x4 a:\Users\robed\OneDrive - Universidad del Norte\U\#9\Proyecto Final\Code\test\build/core\core.a(delay.c.o)
 .bss.SerialUSB
                0x200007c4       0x34 a:\Users\robed\OneDrive - Universidad del Norte\U\#9\Proyecto Final\Code\test\build/core\core.a(CDC.cpp.o)
                0x200007c4                SerialUSB
 .bss.EndPoints
                0x200007f8       0x28 a:\Users\robed\OneDrive - Universidad del Norte\U\#9\Proyecto Final\Code\test\build/core\core.a(USBCore.cpp.o)
                0x200007f8                EndPoints
 .bss.USBDevice
                0x20000820        0x1 a:\Users\robed\OneDrive - Universidad del Norte\U\#9\Proyecto Final\Code\test\build/core\core.a(USBCore.cpp.o)
                0x20000820                USBDevice
 *fill*         0x20000821        0x3 
 .bss._ZL10epHandlers
                0x20000824       0x1c a:\Users\robed\OneDrive - Universidad del Norte\U\#9\Proyecto Final\Code\test\build/core\core.a(USBCore.cpp.o)
 .bss._ZL10rxLEDPulse
                0x20000840        0x1 a:\Users\robed\OneDrive - Universidad del Norte\U\#9\Proyecto Final\Code\test\build/core\core.a(USBCore.cpp.o)
 .bss._ZL10txLEDPulse
                0x20000841        0x1 a:\Users\robed\OneDrive - Universidad del Norte\U\#9\Proyecto Final\Code\test\build/core\core.a(USBCore.cpp.o)
 .bss._ZL14isEndpointHalt
                0x20000842        0x1 a:\Users\robed\OneDrive - Universidad del Norte\U\#9\Proyecto Final\Code\test\build/core\core.a(USBCore.cpp.o)
 .bss._ZL20LastTransmitTimedOut
                0x20000843        0x7 a:\Users\robed\OneDrive - Universidad del Norte\U\#9\Proyecto Final\Code\test\build/core\core.a(USBCore.cpp.o)
 .bss._ZL21isRemoteWakeUpEnabled
                0x2000084a        0x1 a:\Users\robed\OneDrive - Universidad del Norte\U\#9\Proyecto Final\Code\test\build/core\core.a(USBCore.cpp.o)
 *fill*         0x2000084b        0x1 
 .bss._ZL22udd_ep_in_cache_buffer
                0x2000084c      0x1c0 a:\Users\robed\OneDrive - Universidad del Norte\U\#9\Proyecto Final\Code\test\build/core\core.a(USBCore.cpp.o)
 .bss._ZL23udd_ep_out_cache_buffer
                0x20000a0c      0x1c0 a:\Users\robed\OneDrive - Universidad del Norte\U\#9\Proyecto Final\Code\test\build/core\core.a(USBCore.cpp.o)
 .bss._dry_run  0x20000bcc        0x1 a:\Users\robed\OneDrive - Universidad del Norte\U\#9\Proyecto Final\Code\test\build/core\core.a(USBCore.cpp.o)
                0x20000bcc                _dry_run
 .bss._pack_buffer
                0x20000bcd      0x100 a:\Users\robed\OneDrive - Universidad del Norte\U\#9\Proyecto Final\Code\test\build/core\core.a(USBCore.cpp.o)
                0x20000bcd                _pack_buffer
 .bss._pack_message
                0x20000ccd        0x1 a:\Users\robed\OneDrive - Universidad del Norte\U\#9\Proyecto Final\Code\test\build/core\core.a(USBCore.cpp.o)
                0x20000ccd                _pack_message
 .bss._pack_size
                0x20000cce        0x2 a:\Users\robed\OneDrive - Universidad del Norte\U\#9\Proyecto Final\Code\test\build/core\core.a(USBCore.cpp.o)
                0x20000cce                _pack_size
 .bss._usbConfiguration
                0x20000cd0        0x4 a:\Users\robed\OneDrive - Universidad del Norte\U\#9\Proyecto Final\Code\test\build/core\core.a(USBCore.cpp.o)
                0x20000cd0                _usbConfiguration
 .bss._usbSetInterface
                0x20000cd4        0x4 a:\Users\robed\OneDrive - Universidad del Norte\U\#9\Proyecto Final\Code\test\build/core\core.a(USBCore.cpp.o)